
> orbital-ide@0.0.0 test
> vitest run App.interact.test.jsx


[1m[7m[36m RUN [39m[27m[22m [36mv2.1.9 [39m[90mF:/StellarMonthly/Dojo/client[39m

 [31mΓ¥»[39m src/App.interact.test.jsx [2m([22m[2m4 tests[22m[2m | [22m[31m4 failed[39m[2m)[22m[33m 4756[2mms[22m[39m
[31m   [31m├ù[31m Interact panel function discovery[2m > [22muses discovered functions from on-chain spec when available[33m 1475[2mms[22m[31m[39m
[31m     ΓåÆ Found multiple elements with the role "button" and name "Interact"

Here are the matching elements:

Ignored nodes: comments, script, style
[36m<button[31m
  [33mclass[31m=[32m"header-nav-btn "[31m
[36m>[31m
  [36m<svg[31m
    [33maria-hidden[31m=[32m"true"[31m
    [33mclass[31m=[32m"lucide lucide-zap"[31m
    [33mfill[31m=[32m"none"[31m
    [33mheight[31m=[32m"14"[31m
    [33mstroke[31m=[32m"currentColor"[31m
    [33mstroke-linecap[31m=[32m"round"[31m
    [33mstroke-linejoin[31m=[32m"round"[31m
    [33mstroke-width[31m=[32m"2"[31m
    [33mviewBox[31m=[32m"0 0 24 24"[31m
    [33mwidth[31m=[32m"14"[31m
    [33mxmlns[31m=[32m"http://www.w3.org/2000/svg"[31m
  [36m>[31m
    [36m<path[31m
      [33md[31m=[32m"M4 14a1 1 0 0 1-.78-1.63l9.9-10.2a.5.5 0 0 1 .86.46l-1.92 6.02A1 1 0 0 0 13 10h7a1 1 0 0 1 .78 1.63l-9.9 10.2a.5.5 0 0 1-.86-.46l1.92-6.02A1 1 0 0 0 11 14z"[31m
    [36m/>[31m
  [36m</svg>[31m
  [0m Interact[0m
[36m</button>[31m

Ignored nodes: comments, script, style
[36m<button[31m
  [33mclass[31m=[32m"panel-tab "[31m
[36m>[31m
  [36m<svg[31m
    [33maria-hidden[31m=[32m"true"[31m
    [33mclass[31m=[32m"lucide lucide-zap"[31m
    [33mfill[31m=[32m"none"[31m
    [33mheight[31m=[32m"13"[31m
    [33mstroke[31m=[32m"currentColor"[31m
    [33mstroke-linecap[31m=[32m"round"[31m
    [33mstroke-linejoin[31m=[32m"round"[31m
    [33mstroke-width[31m=[32m"2"[31m
    [33mviewBox[31m=[32m"0 0 24 24"[31m
    [33mwidth[31m=[32m"13"[31m
    [33mxmlns[31m=[32m"http://www.w3.org/2000/svg"[31m
  [36m>[31m
    [36m<path[31m
      [33md[31m=[32m"M4 14a1 1 0 0 1-.78-1.63l9.9-10.2a.5.5 0 0 1 .86.46l-1.92 6.02A1 1 0 0 0 13 10h7a1 1 0 0 1 .78 1.63l-9.9 10.2a.5.5 0 0 1-.86-.46l1.92-6.02A1 1 0 0 0 11 14z"[31m
    [36m/>[31m
  [36m</svg>[31m
  [0m [0m
  [0mInteract[0m
[36m</button>[31m

(If this is intentional, then use the `*AllBy*` variant of the query (like `queryAllByText`, `getAllByText`, or `findAllByText`)).

Ignored nodes: comments, script, style
[36m<body>[31m
  [36m<div>[31m
    [36m<div[31m
      [33mclass[31m=[32m"ide-shell"[31m
    [36m>[31m
      [36m<header[31m
        [33mclass[31m=[32m"ide-header"[31m
      [36m>[31m
        [36m<div[31m
          [33mclass[31m=[32m"header-brand"[31m
        [36m>[31m
          [36m<div[31m
            [33mclass[31m=[32m"header-logo"[31m
          [36m>[31m
            [36m<svg[31m
              [33mfill[31m=[32m"none"[31m
              [33mheight[31m=[32m"18"[31m
              [33mviewBox[31m=[32m"0 0 38 38"[31m
              [33mwidth[31m=[32m"18"[31m
            [36m>[31m
              [36m<circle[31m
                [33mcx[31m=[32m"19"[31m
                [33mcy[31m=[32m"19"[31m
                [33mfill[31m=[32m"none"[31m
                [33mr[31m=[32m"9"[31m
                [33mstroke[31m=[32m"white"[31m
                [33mstroke-width[31m=[32m"2.5"[31m
              [36m/>[31m
              [36m<circle[31m
                [33mcx[31m=[32m"19"[31m
                [33mcy[31m=[32m"4"[31m
                [33mfill[31m=[32m"white"[31m
                [33mr[31m=[32m"2.5"[31m
              [36m/>[31m
              [36m<circle[31m
                [33mcx[31m=[32m"19"[31m
                [33mcy[31m=[32m"34"[31m
                [33mfill[31m=[32m"white"[31m
                [33mr[31m=[32m"2.5"[31m
              [36m/>[31m
              [36m<circle[31m
                [33mcx[31m=[32m"4"[31m
                [33mcy[31m=[32m"19"[31m
                [33mfill[31m=[32m"white"[31m
                [33mr[31m=[32m"2.5"[31m
              [36m/>[31m
              [36m<circle[31m
                [33mcx[31m=[32m"34"[31m
                [33mcy[31m=[32m"19"[31m
                [33mfill[31m=[32m"white"[31m
                [33mr[31m=[32m"2.5"[31m
              [36m/>[31m
            [36m</svg>[31m
          [36m</div>[31m
          [36m<div>[31m
            [36m<div[31m
              [33mclass[31m=[32m"header-title"[31m
            [36m>[31m
              [0mOrbital IDE[0m
            [36m</div>[31m
            [36m<div[31m
              [33mclass[31m=[32m"header-subtitle"[31m
            [36m>[31m
              [0mSoroban ┬╖ Testnet[0m
            [36m</div>[31m
          [36m</div>[31m
        [36m</div>[31m
        [36m<div[31m
          [33mclass[31m=[32m"header-center"[31m
        [36m>[31m
          [36m<button[31m
            [33mclass[31m=[32m"header-nav-btn active"[31m
          [36m>[31m
            [36m<svg[31m
              [33maria-hidden[31m=[32m"true"[31m
              [33mclass[31m=[32m"lucide lucide-code-xml"[31m
              [33mfill[31m=[32m"none"[31m
              [33mheight[31m=[32m"14"[31m
              [33mstroke[31m=[32m"currentColor"[31m
              [33mstroke-linecap[31m=[32m"round"[31m
              [33mstroke-linejoin[31m=[32m"round"[31m
              [33mstroke-width[31m=[32m"2"[31m
              [33mviewBox[31m=[32m"0 0 24 24"[31m
              [33mwidth[31m=[32m"14"[31m
              [33mxmlns[31m=[32m"http://www.w3.org/2000/svg"[31m
            [36m>[31m
              [36m<path[31m
                [33md[31m=[32m"m18 16 4-4-4-4"[31m
              [36m/>[31m
              [36m<path[31m
                [33md[31m=[32m"m6 8-4 4 4 4"[31m
              [36m/>[31m
              [36m<path[31m
                [33md[31m=[32m"m14.5 4-5 16"[31m
              [36m/>[31m
            [36m</svg>[31m
            [0m Editor[0m
          [36m</button>[31m
          [36m<button[31m
            [33mclass[31m=[32m"header-nav-btn "[31m
          [36m>[31m
            [36m<svg[31m
              [33maria-hidden[31m=[32m"true"[31m
              [33mclass[31m=[32m"lucide lucide-rocket"[31m
              [33mfill[31m=[32m"none"[31m
              [33mheight[31m=[32m"14"[31m
              [33mstroke[31m=[32m"currentColor"[31m
              [33mstroke-linecap[31m=[32m"round"[31m
              [33mstroke-linejoin[31m=[32m"round"[31m
              [33mstroke-width[31m=[32m"2"[31m
              [33mviewBox[31m=[32m"0 0 24 24"[31m
              [33mwidth[31m=[32m"14"[31m
              [33mxmlns[31m=[32m"http://www.w3.org/2000/svg"[31m
            [36m>[31m
              [36m<path[31m
                [33md[31m=[32m"M12 15v5s3.03-.55 4-2c1.08-1.62 0-5 0-5"[31m
              [36m/>[31m
              [36m<path[31m
                [33md[31m=[32m"M4.5 16.5c-1.5 1.26-2 5-2 5s3.74-.5 5-2c.71-.84.7-2.13-.09-2.91a2.18 2.18 0 0 0-2.91-.09"[31m
              [36m/>[31m
              [36m<path[31m
                [33md[31m=[32m"M9 12a22 22 0 0 1 2-3.95A12.88 12.88 0 0 1 22 2c0 2.72-.78 7.5-6 11a22.4 22.4 0 0 1-4 2z"[31m
              [36m/>[31m
              [36m<path[31m
                [33md[31m=[32m"M9 12H4s.55-3.03 2-4c1.62-1.08 5 .05 5 .05"[31m
              [36m/>[31m
            [36m</svg>[31m
            [0m Deploy[0m
          [36m</button>[31m
          [36m<button[31m
            [33mclass[31m=[32m"header-nav-btn "[31m
          [36m>[31m
            [36m<svg[31m
              [33maria-hidden[31m=[32m"true"[31m
              [33mclass[31m=[32m"lucide lucide-zap"[31m
              [33mfill[31m=[32m"none"[31m
              [33mheight[31m=[32m"14"[31m
              [33mstroke[31m=[32m"currentColor"[31m
              [33mstroke-linecap[31m=[32m"round"[31m
              [33mstroke-linejoin[31m=[32m"round"[31m
              [33mstroke-width[31m=[32m"2"[31m
              [33mviewBox[31m=[32m"0 0 24 24"[31m
              [33mwidth[31m=[32m"14"[31m
              [33mxmlns[31m=[32m"http://www.w3.org/2000/svg"[31m
            [36m>[31m
              [36m<path[31m
                [33md[31m=[32m"M4 14a1 1 0 0 1-.78-1.63l9.9-10.2a.5.5 0 0 1 .86.46l-1.92 6.02A1 1 0 0 0 13 10h7a1 1 0 0 1 .78 1.63l-9.9 10.2a.5.5 0 0 1-.86-.46l1.92-6.02A1 1 0 0 0 11 14z"[31m
              [36m/>[31m
            [36m</svg>[31m
            [0m Interact[0m
          [36m</button>[31m
          [36m<button[31m
            [33mclass[31m=[32m"header-nav-btn "[31m
          [36m>[31m
            [36m<svg[31m
              [33maria-hidden[31m=[32m"true"[31m
              [33mclass[31m=[32m"lucide lucide-history"[31m
              [33mfill[31m=[32m"none"[31m
              [33mheight[31m=[32m"14"[31m
              [33mstroke[31m=[32m"currentColor"[31m
              [33mstroke-linecap[31m=[32m"round"[31m
              [33mstroke-linejoin[31m=[32m"round"[31m
              [33mstroke-width[31m=[32m"2"[31m
              [33mviewBox[31m=[32m"0 0 24 24"[31m
              [33mwidth[31m=[32m"14"[31m
              [33mxmlns[31m=[32m"http://www.w3.org/2...

Ignored nodes: comments, script, style
[36m<body>[31m
  [36m<div>[31m
    [36m<div[31m
      [33mclass[31m=[32m"ide-shell"[31m
    [36m>[31m
      [36m<header[31m
        [33mclass[31m=[32m"ide-header"[31m
      [36m>[31m
        [36m<div[31m
          [33mclass[31m=[32m"header-brand"[31m
        [36m>[31m
          [36m<div[31m
            [33mclass[31m=[32m"header-logo"[31m
          [36m>[31m
            [36m<svg[31m
              [33mfill[31m=[32m"none"[31m
              [33mheight[31m=[32m"18"[31m
              [33mviewBox[31m=[32m"0 0 38 38"[31m
              [33mwidth[31m=[32m"18"[31m
            [36m>[31m
              [36m<circle[31m
                [33mcx[31m=[32m"19"[31m
                [33mcy[31m=[32m"19"[31m
                [33mfill[31m=[32m"none"[31m
                [33mr[31m=[32m"9"[31m
                [33mstroke[31m=[32m"white"[31m
                [33mstroke-width[31m=[32m"2.5"[31m
              [36m/>[31m
              [36m<circle[31m
                [33mcx[31m=[32m"19"[31m
                [33mcy[31m=[32m"4"[31m
                [33mfill[31m=[32m"white"[31m
                [33mr[31m=[32m"2.5"[31m
              [36m/>[31m
              [36m<circle[31m
                [33mcx[31m=[32m"19"[31m
                [33mcy[31m=[32m"34"[31m
                [33mfill[31m=[32m"white"[31m
                [33mr[31m=[32m"2.5"[31m
              [36m/>[31m
              [36m<circle[31m
                [33mcx[31m=[32m"4"[31m
                [33mcy[31m=[32m"19"[31m
                [33mfill[31m=[32m"white"[31m
                [33mr[31m=[32m"2.5"[31m
              [36m/>[31m
              [36m<circle[31m
                [33mcx[31m=[32m"34"[31m
                [33mcy[31m=[32m"19"[31m
                [33mfill[31m=[32m"white"[31m
                [33mr[31m=[32m"2.5"[31m
              [36m/>[31m
            [36m</svg>[31m
          [36m</div>[31m
          [36m<div>[31m
            [36m<div[31m
              [33mclass[31m=[32m"header-title"[31m
            [36m>[31m
              [0mOrbital IDE[0m
            [36m</div>[31m
            [36m<div[31m
              [33mclass[31m=[32m"header-subtitle"[31m
            [36m>[31m
              [0mSoroban ┬╖ Testnet[0m
            [36m</div>[31m
          [36m</div>[31m
        [36m</div>[31m
        [36m<div[31m
          [33mclass[31m=[32m"header-center"[31m
        [36m>[31m
          [36m<button[31m
            [33mclass[31m=[32m"header-nav-btn active"[31m
          [36m>[31m
            [36m<svg[31m
              [33maria-hidden[31m=[32m"true"[31m
              [33mclass[31m=[32m"lucide lucide-code-xml"[31m
              [33mfill[31m=[32m"none"[31m
              [33mheight[31m=[32m"14"[31m
              [33mstroke[31m=[32m"currentColor"[31m
              [33mstroke-linecap[31m=[32m"round"[31m
              [33mstroke-linejoin[31m=[32m"round"[31m
              [33mstroke-width[31m=[32m"2"[31m
              [33mviewBox[31m=[32m"0 0 24 24"[31m
              [33mwidth[31m=[32m"14"[31m
              [33mxmlns[31m=[32m"http://www.w3.org/2000/svg"[31m
            [36m>[31m
              [36m<path[31m
                [33md[31m=[32m"m18 16 4-4-4-4"[31m
              [36m/>[31m
              [36m<path[31m
                [33md[31m=[32m"m6 8-4 4 4 4"[31m
              [36m/>[31m
              [36m<path[31m
                [33md[31m=[32m"m14.5 4-5 16"[31m
              [36m/>[31m
            [36m</svg>[31m
            [0m Editor[0m
          [36m</button>[31m
          [36m<button[31m
            [33mclass[31m=[32m"header-nav-btn "[31m
          [36m>[31m
            [36m<svg[31m
              [33maria-hidden[31m=[32m"true"[31m
              [33mclass[31m=[32m"lucide lucide-rocket"[31m
              [33mfill[31m=[32m"none"[31m
              [33mheight[31m=[32m"14"[31m
              [33mstroke[31m=[32m"currentColor"[31m
              [33mstroke-linecap[31m=[32m"round"[31m
              [33mstroke-linejoin[31m=[32m"round"[31m
              [33mstroke-width[31m=[32m"2"[31m
              [33mviewBox[31m=[32m"0 0 24 24"[31m
              [33mwidth[31m=[32m"14"[31m
              [33mxmlns[31m=[32m"http://www.w3.org/2000/svg"[31m
            [36m>[31m
              [36m<path[31m
                [33md[31m=[32m"M12 15v5s3.03-.55 4-2c1.08-1.62 0-5 0-5"[31m
              [36m/>[31m
              [36m<path[31m
                [33md[31m=[32m"M4.5 16.5c-1.5 1.26-2 5-2 5s3.74-.5 5-2c.71-.84.7-2.13-.09-2.91a2.18 2.18 0 0 0-2.91-.09"[31m
              [36m/>[31m
              [36m<path[31m
                [33md[31m=[32m"M9 12a22 22 0 0 1 2-3.95A12.88 12.88 0 0 1 22 2c0 2.72-.78 7.5-6 11a22.4 22.4 0 0 1-4 2z"[31m
              [36m/>[31m
              [36m<path[31m
                [33md[31m=[32m"M9 12H4s.55-3.03 2-4c1.62-1.08 5 .05 5 .05"[31m
              [36m/>[31m
            [36m</svg>[31m
            [0m Deploy[0m
          [36m</button>[31m
          [36m<button[31m
            [33mclass[31m=[32m"header-nav-btn "[31m
          [36m>[31m
            [36m<svg[31m
              [33maria-hidden[31m=[32m"true"[31m
              [33mclass[31m=[32m"lucide lucide-zap"[31m
              [33mfill[31m=[32m"none"[31m
              [33mheight[31m=[32m"14"[31m
              [33mstroke[31m=[32m"currentColor"[31m
              [33mstroke-linecap[31m=[32m"round"[31m
              [33mstroke-linejoin[31m=[32m"round"[31m
              [33mstroke-width[31m=[32m"2"[31m
              [33mviewBox[31m=[32m"0 0 24 24"[31m
              [33mwidth[31m=[32m"14"[31m
              [33mxmlns[31m=[32m"http://www.w3.org/2000/svg"[31m
            [36m>[31m
              [36m<path[31m
                [33md[31m=[32m"M4 14a1 1 0 0 1-.78-1.63l9.9-10.2a.5.5 0 0 1 .86.46l-1.92 6.02A1 1 0 0 0 13 10h7a1 1 0 0 1 .78 1.63l-9.9 10.2a.5.5 0 0 1-.86-.46l1.92-6.02A1 1 0 0 0 11 14z"[31m
              [36m/>[31m
            [36m</svg>[31m
            [0m Interact[0m
          [36m</button>[31m
          [36m<button[31m
            [33mclass[31m=[32m"header-nav-btn "[31m
          [36m>[31m
            [36m<svg[31m
              [33maria-hidden[31m=[32m"true"[31m
              [33mclass[31m=[32m"lucide lucide-history"[31m
              [33mfill[31m=[32m"none"[31m
              [33mheight[31m=[32m"14"[31m
              [33mstroke[31m=[32m"currentColor"[31m
              [33mstroke-linecap[31m=[32m"round"[31m
              [33mstroke-linejoin[31m=[32m"round"[31m
              [33mstroke-width[31m=[32m"2"[31m
              [33mviewBox[31m=[32m"0 0 24 24"[31m
              [33mwidth[31m=[32m"14"[31m
              [33mxmlns[31m=[32m"http://www.w3.org/2...[39m
[31m   [31m├ù[31m Interact panel function discovery[2m > [22mfalls back to example metadata when discovery fails[33m 1131[2mms[22m[31m[39m
[31m     ΓåÆ Found multiple elements with the role "button" and name "Interact"

Here are the matching elements:

Ignored nodes: comments, script, style
[36m<button[31m
  [33mclass[31m=[32m"header-nav-btn "[31m
[36m>[31m
  [36m<svg[31m
    [33maria-hidden[31m=[32m"true"[31m
    [33mclass[31m=[32m"lucide lucide-zap"[31m
    [33mfill[31m=[32m"none"[31m
    [33mheight[31m=[32m"14"[31m
    [33mstroke[31m=[32m"currentColor"[31m
    [33mstroke-linecap[31m=[32m"round"[31m
    [33mstroke-linejoin[31m=[32m"round"[31m
    [33mstroke-width[31m=[32m"2"[31m
    [33mviewBox[31m=[32m"0 0 24 24"[31m
    [33mwidth[31m=[32m"14"[31m
    [33mxmlns[31m=[32m"http://www.w3.org/2000/svg"[31m
  [36m>[31m
    [36m<path[31m
      [33md[31m=[32m"M4 14a1 1 0 0 1-.78-1.63l9.9-10.2a.5.5 0 0 1 .86.46l-1.92 6.02A1 1 0 0 0 13 10h7a1 1 0 0 1 .78 1.63l-9.9 10.2a.5.5 0 0 1-.86-.46l1.92-6.02A1 1 0 0 0 11 14z"[31m
    [36m/>[31m
  [36m</svg>[31m
  [0m Interact[0m
[36m</button>[31m

Ignored nodes: comments, script, style
[36m<button[31m
  [33mclass[31m=[32m"panel-tab "[31m
[36m>[31m
  [36m<svg[31m
    [33maria-hidden[31m=[32m"true"[31m
    [33mclass[31m=[32m"lucide lucide-zap"[31m
    [33mfill[31m=[32m"none"[31m
    [33mheight[31m=[32m"13"[31m
    [33mstroke[31m=[32m"currentColor"[31m
    [33mstroke-linecap[31m=[32m"round"[31m
    [33mstroke-linejoin[31m=[32m"round"[31m
    [33mstroke-width[31m=[32m"2"[31m
    [33mviewBox[31m=[32m"0 0 24 24"[31m
    [33mwidth[31m=[32m"13"[31m
    [33mxmlns[31m=[32m"http://www.w3.org/2000/svg"[31m
  [36m>[31m
    [36m<path[31m
      [33md[31m=[32m"M4 14a1 1 0 0 1-.78-1.63l9.9-10.2a.5.5 0 0 1 .86.46l-1.92 6.02A1 1 0 0 0 13 10h7a1 1 0 0 1 .78 1.63l-9.9 10.2a.5.5 0 0 1-.86-.46l1.92-6.02A1 1 0 0 0 11 14z"[31m
    [36m/>[31m
  [36m</svg>[31m
  [0m [0m
  [0mInteract[0m
[36m</button>[31m

(If this is intentional, then use the `*AllBy*` variant of the query (like `queryAllByText`, `getAllByText`, or `findAllByText`)).

Ignored nodes: comments, script, style
[36m<body>[31m
  [36m<div>[31m
    [36m<div[31m
      [33mclass[31m=[32m"ide-shell"[31m
    [36m>[31m
      [36m<header[31m
        [33mclass[31m=[32m"ide-header"[31m
      [36m>[31m
        [36m<div[31m
          [33mclass[31m=[32m"header-brand"[31m
        [36m>[31m
          [36m<div[31m
            [33mclass[31m=[32m"header-logo"[31m
          [36m>[31m
            [36m<svg[31m
              [33mfill[31m=[32m"none"[31m
              [33mheight[31m=[32m"18"[31m
              [33mviewBox[31m=[32m"0 0 38 38"[31m
              [33mwidth[31m=[32m"18"[31m
            [36m>[31m
              [36m<circle[31m
                [33mcx[31m=[32m"19"[31m
                [33mcy[31m=[32m"19"[31m
                [33mfill[31m=[32m"none"[31m
                [33mr[31m=[32m"9"[31m
                [33mstroke[31m=[32m"white"[31m
                [33mstroke-width[31m=[32m"2.5"[31m
              [36m/>[31m
              [36m<circle[31m
                [33mcx[31m=[32m"19"[31m
                [33mcy[31m=[32m"4"[31m
                [33mfill[31m=[32m"white"[31m
                [33mr[31m=[32m"2.5"[31m
              [36m/>[31m
              [36m<circle[31m
                [33mcx[31m=[32m"19"[31m
                [33mcy[31m=[32m"34"[31m
                [33mfill[31m=[32m"white"[31m
                [33mr[31m=[32m"2.5"[31m
              [36m/>[31m
              [36m<circle[31m
                [33mcx[31m=[32m"4"[31m
                [33mcy[31m=[32m"19"[31m
                [33mfill[31m=[32m"white"[31m
                [33mr[31m=[32m"2.5"[31m
              [36m/>[31m
              [36m<circle[31m
                [33mcx[31m=[32m"34"[31m
                [33mcy[31m=[32m"19"[31m
                [33mfill[31m=[32m"white"[31m
                [33mr[31m=[32m"2.5"[31m
              [36m/>[31m
            [36m</svg>[31m
          [36m</div>[31m
          [36m<div>[31m
            [36m<div[31m
              [33mclass[31m=[32m"header-title"[31m
            [36m>[31m
              [0mOrbital IDE[0m
            [36m</div>[31m
            [36m<div[31m
              [33mclass[31m=[32m"header-subtitle"[31m
            [36m>[31m
              [0mSoroban ┬╖ Testnet[0m
            [36m</div>[31m
          [36m</div>[31m
        [36m</div>[31m
        [36m<div[31m
          [33mclass[31m=[32m"header-center"[31m
        [36m>[31m
          [36m<button[31m
            [33mclass[31m=[32m"header-nav-btn active"[31m
          [36m>[31m
            [36m<svg[31m
              [33maria-hidden[31m=[32m"true"[31m
              [33mclass[31m=[32m"lucide lucide-code-xml"[31m
              [33mfill[31m=[32m"none"[31m
              [33mheight[31m=[32m"14"[31m
              [33mstroke[31m=[32m"currentColor"[31m
              [33mstroke-linecap[31m=[32m"round"[31m
              [33mstroke-linejoin[31m=[32m"round"[31m
              [33mstroke-width[31m=[32m"2"[31m
              [33mviewBox[31m=[32m"0 0 24 24"[31m
              [33mwidth[31m=[32m"14"[31m
              [33mxmlns[31m=[32m"http://www.w3.org/2000/svg"[31m
            [36m>[31m
              [36m<path[31m
                [33md[31m=[32m"m18 16 4-4-4-4"[31m
              [36m/>[31m
              [36m<path[31m
                [33md[31m=[32m"m6 8-4 4 4 4"[31m
              [36m/>[31m
              [36m<path[31m
                [33md[31m=[32m"m14.5 4-5 16"[31m
              [36m/>[31m
            [36m</svg>[31m
            [0m Editor[0m
          [36m</button>[31m
          [36m<button[31m
            [33mclass[31m=[32m"header-nav-btn "[31m
          [36m>[31m
            [36m<svg[31m
              [33maria-hidden[31m=[32m"true"[31m
              [33mclass[31m=[32m"lucide lucide-rocket"[31m
              [33mfill[31m=[32m"none"[31m
              [33mheight[31m=[32m"14"[31m
              [33mstroke[31m=[32m"currentColor"[31m
              [33mstroke-linecap[31m=[32m"round"[31m
              [33mstroke-linejoin[31m=[32m"round"[31m
              [33mstroke-width[31m=[32m"2"[31m
              [33mviewBox[31m=[32m"0 0 24 24"[31m
              [33mwidth[31m=[32m"14"[31m
              [33mxmlns[31m=[32m"http://www.w3.org/2000/svg"[31m
            [36m>[31m
              [36m<path[31m
                [33md[31m=[32m"M12 15v5s3.03-.55 4-2c1.08-1.62 0-5 0-5"[31m
              [36m/>[31m
              [36m<path[31m
                [33md[31m=[32m"M4.5 16.5c-1.5 1.26-2 5-2 5s3.74-.5 5-2c.71-.84.7-2.13-.09-2.91a2.18 2.18 0 0 0-2.91-.09"[31m
              [36m/>[31m
              [36m<path[31m
                [33md[31m=[32m"M9 12a22 22 0 0 1 2-3.95A12.88 12.88 0 0 1 22 2c0 2.72-.78 7.5-6 11a22.4 22.4 0 0 1-4 2z"[31m
              [36m/>[31m
              [36m<path[31m
                [33md[31m=[32m"M9 12H4s.55-3.03 2-4c1.62-1.08 5 .05 5 .05"[31m
              [36m/>[31m
            [36m</svg>[31m
            [0m Deploy[0m
          [36m</button>[31m
          [36m<button[31m
            [33mclass[31m=[32m"header-nav-btn "[31m
          [36m>[31m
            [36m<svg[31m
              [33maria-hidden[31m=[32m"true"[31m
              [33mclass[31m=[32m"lucide lucide-zap"[31m
              [33mfill[31m=[32m"none"[31m
              [33mheight[31m=[32m"14"[31m
              [33mstroke[31m=[32m"currentColor"[31m
              [33mstroke-linecap[31m=[32m"round"[31m
              [33mstroke-linejoin[31m=[32m"round"[31m
              [33mstroke-width[31m=[32m"2"[31m
              [33mviewBox[31m=[32m"0 0 24 24"[31m
              [33mwidth[31m=[32m"14"[31m
              [33mxmlns[31m=[32m"http://www.w3.org/2000/svg"[31m
            [36m>[31m
              [36m<path[31m
                [33md[31m=[32m"M4 14a1 1 0 0 1-.78-1.63l9.9-10.2a.5.5 0 0 1 .86.46l-1.92 6.02A1 1 0 0 0 13 10h7a1 1 0 0 1 .78 1.63l-9.9 10.2a.5.5 0 0 1-.86-.46l1.92-6.02A1 1 0 0 0 11 14z"[31m
              [36m/>[31m
            [36m</svg>[31m
            [0m Interact[0m
          [36m</button>[31m
          [36m<button[31m
            [33mclass[31m=[32m"header-nav-btn "[31m
          [36m>[31m
            [36m<svg[31m
              [33maria-hidden[31m=[32m"true"[31m
              [33mclass[31m=[32m"lucide lucide-history"[31m
              [33mfill[31m=[32m"none"[31m
              [33mheight[31m=[32m"14"[31m
              [33mstroke[31m=[32m"currentColor"[31m
              [33mstroke-linecap[31m=[32m"round"[31m
              [33mstroke-linejoin[31m=[32m"round"[31m
              [33mstroke-width[31m=[32m"2"[31m
              [33mviewBox[31m=[32m"0 0 24 24"[31m
              [33mwidth[31m=[32m"14"[31m
              [33mxmlns[31m=[32m"http://www.w3.org/2...

Ignored nodes: comments, script, style
[36m<body>[31m
  [36m<div>[31m
    [36m<div[31m
      [33mclass[31m=[32m"ide-shell"[31m
    [36m>[31m
      [36m<header[31m
        [33mclass[31m=[32m"ide-header"[31m
      [36m>[31m
        [36m<div[31m
          [33mclass[31m=[32m"header-brand"[31m
        [36m>[31m
          [36m<div[31m
            [33mclass[31m=[32m"header-logo"[31m
          [36m>[31m
            [36m<svg[31m
              [33mfill[31m=[32m"none"[31m
              [33mheight[31m=[32m"18"[31m
              [33mviewBox[31m=[32m"0 0 38 38"[31m
              [33mwidth[31m=[32m"18"[31m
            [36m>[31m
              [36m<circle[31m
                [33mcx[31m=[32m"19"[31m
                [33mcy[31m=[32m"19"[31m
                [33mfill[31m=[32m"none"[31m
                [33mr[31m=[32m"9"[31m
                [33mstroke[31m=[32m"white"[31m
                [33mstroke-width[31m=[32m"2.5"[31m
              [36m/>[31m
              [36m<circle[31m
                [33mcx[31m=[32m"19"[31m
                [33mcy[31m=[32m"4"[31m
                [33mfill[31m=[32m"white"[31m
                [33mr[31m=[32m"2.5"[31m
              [36m/>[31m
              [36m<circle[31m
                [33mcx[31m=[32m"19"[31m
                [33mcy[31m=[32m"34"[31m
                [33mfill[31m=[32m"white"[31m
                [33mr[31m=[32m"2.5"[31m
              [36m/>[31m
              [36m<circle[31m
                [33mcx[31m=[32m"4"[31m
                [33mcy[31m=[32m"19"[31m
                [33mfill[31m=[32m"white"[31m
                [33mr[31m=[32m"2.5"[31m
              [36m/>[31m
              [36m<circle[31m
                [33mcx[31m=[32m"34"[31m
                [33mcy[31m=[32m"19"[31m
                [33mfill[31m=[32m"white"[31m
                [33mr[31m=[32m"2.5"[31m
              [36m/>[31m
            [36m</svg>[31m
          [36m</div>[31m
          [36m<div>[31m
            [36m<div[31m
              [33mclass[31m=[32m"header-title"[31m
            [36m>[31m
              [0mOrbital IDE[0m
            [36m</div>[31m
            [36m<div[31m
              [33mclass[31m=[32m"header-subtitle"[31m
            [36m>[31m
              [0mSoroban ┬╖ Testnet[0m
            [36m</div>[31m
          [36m</div>[31m
        [36m</div>[31m
        [36m<div[31m
          [33mclass[31m=[32m"header-center"[31m
        [36m>[31m
          [36m<button[31m
            [33mclass[31m=[32m"header-nav-btn active"[31m
          [36m>[31m
            [36m<svg[31m
              [33maria-hidden[31m=[32m"true"[31m
              [33mclass[31m=[32m"lucide lucide-code-xml"[31m
              [33mfill[31m=[32m"none"[31m
              [33mheight[31m=[32m"14"[31m
              [33mstroke[31m=[32m"currentColor"[31m
              [33mstroke-linecap[31m=[32m"round"[31m
              [33mstroke-linejoin[31m=[32m"round"[31m
              [33mstroke-width[31m=[32m"2"[31m
              [33mviewBox[31m=[32m"0 0 24 24"[31m
              [33mwidth[31m=[32m"14"[31m
              [33mxmlns[31m=[32m"http://www.w3.org/2000/svg"[31m
            [36m>[31m
              [36m<path[31m
                [33md[31m=[32m"m18 16 4-4-4-4"[31m
              [36m/>[31m
              [36m<path[31m
                [33md[31m=[32m"m6 8-4 4 4 4"[31m
              [36m/>[31m
              [36m<path[31m
                [33md[31m=[32m"m14.5 4-5 16"[31m
              [36m/>[31m
            [36m</svg>[31m
            [0m Editor[0m
          [36m</button>[31m
          [36m<button[31m
            [33mclass[31m=[32m"header-nav-btn "[31m
          [36m>[31m
            [36m<svg[31m
              [33maria-hidden[31m=[32m"true"[31m
              [33mclass[31m=[32m"lucide lucide-rocket"[31m
              [33mfill[31m=[32m"none"[31m
              [33mheight[31m=[32m"14"[31m
              [33mstroke[31m=[32m"currentColor"[31m
              [33mstroke-linecap[31m=[32m"round"[31m
              [33mstroke-linejoin[31m=[32m"round"[31m
              [33mstroke-width[31m=[32m"2"[31m
              [33mviewBox[31m=[32m"0 0 24 24"[31m
              [33mwidth[31m=[32m"14"[31m
              [33mxmlns[31m=[32m"http://www.w3.org/2000/svg"[31m
            [36m>[31m
              [36m<path[31m
                [33md[31m=[32m"M12 15v5s3.03-.55 4-2c1.08-1.62 0-5 0-5"[31m
              [36m/>[31m
              [36m<path[31m
                [33md[31m=[32m"M4.5 16.5c-1.5 1.26-2 5-2 5s3.74-.5 5-2c.71-.84.7-2.13-.09-2.91a2.18 2.18 0 0 0-2.91-.09"[31m
              [36m/>[31m
              [36m<path[31m
                [33md[31m=[32m"M9 12a22 22 0 0 1 2-3.95A12.88 12.88 0 0 1 22 2c0 2.72-.78 7.5-6 11a22.4 22.4 0 0 1-4 2z"[31m
              [36m/>[31m
              [36m<path[31m
                [33md[31m=[32m"M9 12H4s.55-3.03 2-4c1.62-1.08 5 .05 5 .05"[31m
              [36m/>[31m
            [36m</svg>[31m
            [0m Deploy[0m
          [36m</button>[31m
          [36m<button[31m
            [33mclass[31m=[32m"header-nav-btn "[31m
          [36m>[31m
            [36m<svg[31m
              [33maria-hidden[31m=[32m"true"[31m
              [33mclass[31m=[32m"lucide lucide-zap"[31m
              [33mfill[31m=[32m"none"[31m
              [33mheight[31m=[32m"14"[31m
              [33mstroke[31m=[32m"currentColor"[31m
              [33mstroke-linecap[31m=[32m"round"[31m
              [33mstroke-linejoin[31m=[32m"round"[31m
              [33mstroke-width[31m=[32m"2"[31m
              [33mviewBox[31m=[32m"0 0 24 24"[31m
              [33mwidth[31m=[32m"14"[31m
              [33mxmlns[31m=[32m"http://www.w3.org/2000/svg"[31m
            [36m>[31m
              [36m<path[31m
                [33md[31m=[32m"M4 14a1 1 0 0 1-.78-1.63l9.9-10.2a.5.5 0 0 1 .86.46l-1.92 6.02A1 1 0 0 0 13 10h7a1 1 0 0 1 .78 1.63l-9.9 10.2a.5.5 0 0 1-.86-.46l1.92-6.02A1 1 0 0 0 11 14z"[31m
              [36m/>[31m
            [36m</svg>[31m
            [0m Interact[0m
          [36m</button>[31m
          [36m<button[31m
            [33mclass[31m=[32m"header-nav-btn "[31m
          [36m>[31m
            [36m<svg[31m
              [33maria-hidden[31m=[32m"true"[31m
              [33mclass[31m=[32m"lucide lucide-history"[31m
              [33mfill[31m=[32m"none"[31m
              [33mheight[31m=[32m"14"[31m
              [33mstroke[31m=[32m"currentColor"[31m
              [33mstroke-linecap[31m=[32m"round"[31m
              [33mstroke-linejoin[31m=[32m"round"[31m
              [33mstroke-width[31m=[32m"2"[31m
              [33mviewBox[31m=[32m"0 0 24 24"[31m
              [33mwidth[31m=[32m"14"[31m
              [33mxmlns[31m=[32m"http://www.w3.org/2...[39m
[31m   [31m├ù[31m Interact panel function discovery[2m > [22mvalidates raw call args and blocks execute on invalid JSON[33m 1085[2mms[22m[31m[39m
[31m     ΓåÆ Found multiple elements with the role "button" and name "Interact"

Here are the matching elements:

Ignored nodes: comments, script, style
[36m<button[31m
  [33mclass[31m=[32m"header-nav-btn "[31m
[36m>[31m
  [36m<svg[31m
    [33maria-hidden[31m=[32m"true"[31m
    [33mclass[31m=[32m"lucide lucide-zap"[31m
    [33mfill[31m=[32m"none"[31m
    [33mheight[31m=[32m"14"[31m
    [33mstroke[31m=[32m"currentColor"[31m
    [33mstroke-linecap[31m=[32m"round"[31m
    [33mstroke-linejoin[31m=[32m"round"[31m
    [33mstroke-width[31m=[32m"2"[31m
    [33mviewBox[31m=[32m"0 0 24 24"[31m
    [33mwidth[31m=[32m"14"[31m
    [33mxmlns[31m=[32m"http://www.w3.org/2000/svg"[31m
  [36m>[31m
    [36m<path[31m
      [33md[31m=[32m"M4 14a1 1 0 0 1-.78-1.63l9.9-10.2a.5.5 0 0 1 .86.46l-1.92 6.02A1 1 0 0 0 13 10h7a1 1 0 0 1 .78 1.63l-9.9 10.2a.5.5 0 0 1-.86-.46l1.92-6.02A1 1 0 0 0 11 14z"[31m
    [36m/>[31m
  [36m</svg>[31m
  [0m Interact[0m
[36m</button>[31m

Ignored nodes: comments, script, style
[36m<button[31m
  [33mclass[31m=[32m"panel-tab "[31m
[36m>[31m
  [36m<svg[31m
    [33maria-hidden[31m=[32m"true"[31m
    [33mclass[31m=[32m"lucide lucide-zap"[31m
    [33mfill[31m=[32m"none"[31m
    [33mheight[31m=[32m"13"[31m
    [33mstroke[31m=[32m"currentColor"[31m
    [33mstroke-linecap[31m=[32m"round"[31m
    [33mstroke-linejoin[31m=[32m"round"[31m
    [33mstroke-width[31m=[32m"2"[31m
    [33mviewBox[31m=[32m"0 0 24 24"[31m
    [33mwidth[31m=[32m"13"[31m
    [33mxmlns[31m=[32m"http://www.w3.org/2000/svg"[31m
  [36m>[31m
    [36m<path[31m
      [33md[31m=[32m"M4 14a1 1 0 0 1-.78-1.63l9.9-10.2a.5.5 0 0 1 .86.46l-1.92 6.02A1 1 0 0 0 13 10h7a1 1 0 0 1 .78 1.63l-9.9 10.2a.5.5 0 0 1-.86-.46l1.92-6.02A1 1 0 0 0 11 14z"[31m
    [36m/>[31m
  [36m</svg>[31m
  [0m [0m
  [0mInteract[0m
[36m</button>[31m

(If this is intentional, then use the `*AllBy*` variant of the query (like `queryAllByText`, `getAllByText`, or `findAllByText`)).

Ignored nodes: comments, script, style
[36m<body>[31m
  [36m<div>[31m
    [36m<div[31m
      [33mclass[31m=[32m"ide-shell"[31m
    [36m>[31m
      [36m<header[31m
        [33mclass[31m=[32m"ide-header"[31m
      [36m>[31m
        [36m<div[31m
          [33mclass[31m=[32m"header-brand"[31m
        [36m>[31m
          [36m<div[31m
            [33mclass[31m=[32m"header-logo"[31m
          [36m>[31m
            [36m<svg[31m
              [33mfill[31m=[32m"none"[31m
              [33mheight[31m=[32m"18"[31m
              [33mviewBox[31m=[32m"0 0 38 38"[31m
              [33mwidth[31m=[32m"18"[31m
            [36m>[31m
              [36m<circle[31m
                [33mcx[31m=[32m"19"[31m
                [33mcy[31m=[32m"19"[31m
                [33mfill[31m=[32m"none"[31m
                [33mr[31m=[32m"9"[31m
                [33mstroke[31m=[32m"white"[31m
                [33mstroke-width[31m=[32m"2.5"[31m
              [36m/>[31m
              [36m<circle[31m
                [33mcx[31m=[32m"19"[31m
                [33mcy[31m=[32m"4"[31m
                [33mfill[31m=[32m"white"[31m
                [33mr[31m=[32m"2.5"[31m
              [36m/>[31m
              [36m<circle[31m
                [33mcx[31m=[32m"19"[31m
                [33mcy[31m=[32m"34"[31m
                [33mfill[31m=[32m"white"[31m
                [33mr[31m=[32m"2.5"[31m
              [36m/>[31m
              [36m<circle[31m
                [33mcx[31m=[32m"4"[31m
                [33mcy[31m=[32m"19"[31m
                [33mfill[31m=[32m"white"[31m
                [33mr[31m=[32m"2.5"[31m
              [36m/>[31m
              [36m<circle[31m
                [33mcx[31m=[32m"34"[31m
                [33mcy[31m=[32m"19"[31m
                [33mfill[31m=[32m"white"[31m
                [33mr[31m=[32m"2.5"[31m
              [36m/>[31m
            [36m</svg>[31m
          [36m</div>[31m
          [36m<div>[31m
            [36m<div[31m
              [33mclass[31m=[32m"header-title"[31m
            [36m>[31m
              [0mOrbital IDE[0m
            [36m</div>[31m
            [36m<div[31m
              [33mclass[31m=[32m"header-subtitle"[31m
            [36m>[31m
              [0mSoroban ┬╖ Testnet[0m
            [36m</div>[31m
          [36m</div>[31m
        [36m</div>[31m
        [36m<div[31m
          [33mclass[31m=[32m"header-center"[31m
        [36m>[31m
          [36m<button[31m
            [33mclass[31m=[32m"header-nav-btn active"[31m
          [36m>[31m
            [36m<svg[31m
              [33maria-hidden[31m=[32m"true"[31m
              [33mclass[31m=[32m"lucide lucide-code-xml"[31m
              [33mfill[31m=[32m"none"[31m
              [33mheight[31m=[32m"14"[31m
              [33mstroke[31m=[32m"currentColor"[31m
              [33mstroke-linecap[31m=[32m"round"[31m
              [33mstroke-linejoin[31m=[32m"round"[31m
              [33mstroke-width[31m=[32m"2"[31m
              [33mviewBox[31m=[32m"0 0 24 24"[31m
              [33mwidth[31m=[32m"14"[31m
              [33mxmlns[31m=[32m"http://www.w3.org/2000/svg"[31m
            [36m>[31m
              [36m<path[31m
                [33md[31m=[32m"m18 16 4-4-4-4"[31m
              [36m/>[31m
              [36m<path[31m
                [33md[31m=[32m"m6 8-4 4 4 4"[31m
              [36m/>[31m
              [36m<path[31m
                [33md[31m=[32m"m14.5 4-5 16"[31m
              [36m/>[31m
            [36m</svg>[31m
            [0m Editor[0m
          [36m</button>[31m
          [36m<button[31m
            [33mclass[31m=[32m"header-nav-btn "[31m
          [36m>[31m
            [36m<svg[31m
              [33maria-hidden[31m=[32m"true"[31m
              [33mclass[31m=[32m"lucide lucide-rocket"[31m
              [33mfill[31m=[32m"none"[31m
              [33mheight[31m=[32m"14"[31m
              [33mstroke[31m=[32m"currentColor"[31m
              [33mstroke-linecap[31m=[32m"round"[31m
              [33mstroke-linejoin[31m=[32m"round"[31m
              [33mstroke-width[31m=[32m"2"[31m
              [33mviewBox[31m=[32m"0 0 24 24"[31m
              [33mwidth[31m=[32m"14"[31m
              [33mxmlns[31m=[32m"http://www.w3.org/2000/svg"[31m
            [36m>[31m
              [36m<path[31m
                [33md[31m=[32m"M12 15v5s3.03-.55 4-2c1.08-1.62 0-5 0-5"[31m
              [36m/>[31m
              [36m<path[31m
                [33md[31m=[32m"M4.5 16.5c-1.5 1.26-2 5-2 5s3.74-.5 5-2c.71-.84.7-2.13-.09-2.91a2.18 2.18 0 0 0-2.91-.09"[31m
              [36m/>[31m
              [36m<path[31m
                [33md[31m=[32m"M9 12a22 22 0 0 1 2-3.95A12.88 12.88 0 0 1 22 2c0 2.72-.78 7.5-6 11a22.4 22.4 0 0 1-4 2z"[31m
              [36m/>[31m
              [36m<path[31m
                [33md[31m=[32m"M9 12H4s.55-3.03 2-4c1.62-1.08 5 .05 5 .05"[31m
              [36m/>[31m
            [36m</svg>[31m
            [0m Deploy[0m
          [36m</button>[31m
          [36m<button[31m
            [33mclass[31m=[32m"header-nav-btn "[31m
          [36m>[31m
            [36m<svg[31m
              [33maria-hidden[31m=[32m"true"[31m
              [33mclass[31m=[32m"lucide lucide-zap"[31m
              [33mfill[31m=[32m"none"[31m
              [33mheight[31m=[32m"14"[31m
              [33mstroke[31m=[32m"currentColor"[31m
              [33mstroke-linecap[31m=[32m"round"[31m
              [33mstroke-linejoin[31m=[32m"round"[31m
              [33mstroke-width[31m=[32m"2"[31m
              [33mviewBox[31m=[32m"0 0 24 24"[31m
              [33mwidth[31m=[32m"14"[31m
              [33mxmlns[31m=[32m"http://www.w3.org/2000/svg"[31m
            [36m>[31m
              [36m<path[31m
                [33md[31m=[32m"M4 14a1 1 0 0 1-.78-1.63l9.9-10.2a.5.5 0 0 1 .86.46l-1.92 6.02A1 1 0 0 0 13 10h7a1 1 0 0 1 .78 1.63l-9.9 10.2a.5.5 0 0 1-.86-.46l1.92-6.02A1 1 0 0 0 11 14z"[31m
              [36m/>[31m
            [36m</svg>[31m
            [0m Interact[0m
          [36m</button>[31m
          [36m<button[31m
            [33mclass[31m=[32m"header-nav-btn "[31m
          [36m>[31m
            [36m<svg[31m
              [33maria-hidden[31m=[32m"true"[31m
              [33mclass[31m=[32m"lucide lucide-history"[31m
              [33mfill[31m=[32m"none"[31m
              [33mheight[31m=[32m"14"[31m
              [33mstroke[31m=[32m"currentColor"[31m
              [33mstroke-linecap[31m=[32m"round"[31m
              [33mstroke-linejoin[31m=[32m"round"[31m
              [33mstroke-width[31m=[32m"2"[31m
              [33mviewBox[31m=[32m"0 0 24 24"[31m
              [33mwidth[31m=[32m"14"[31m
              [33mxmlns[31m=[32m"http://www.w3.org/2...

Ignored nodes: comments, script, style
[36m<body>[31m
  [36m<div>[31m
    [36m<div[31m
      [33mclass[31m=[32m"ide-shell"[31m
    [36m>[31m
      [36m<header[31m
        [33mclass[31m=[32m"ide-header"[31m
      [36m>[31m
        [36m<div[31m
          [33mclass[31m=[32m"header-brand"[31m
        [36m>[31m
          [36m<div[31m
            [33mclass[31m=[32m"header-logo"[31m
          [36m>[31m
            [36m<svg[31m
              [33mfill[31m=[32m"none"[31m
              [33mheight[31m=[32m"18"[31m
              [33mviewBox[31m=[32m"0 0 38 38"[31m
              [33mwidth[31m=[32m"18"[31m
            [36m>[31m
              [36m<circle[31m
                [33mcx[31m=[32m"19"[31m
                [33mcy[31m=[32m"19"[31m
                [33mfill[31m=[32m"none"[31m
                [33mr[31m=[32m"9"[31m
                [33mstroke[31m=[32m"white"[31m
                [33mstroke-width[31m=[32m"2.5"[31m
              [36m/>[31m
              [36m<circle[31m
                [33mcx[31m=[32m"19"[31m
                [33mcy[31m=[32m"4"[31m
                [33mfill[31m=[32m"white"[31m
                [33mr[31m=[32m"2.5"[31m
              [36m/>[31m
              [36m<circle[31m
                [33mcx[31m=[32m"19"[31m
                [33mcy[31m=[32m"34"[31m
                [33mfill[31m=[32m"white"[31m
                [33mr[31m=[32m"2.5"[31m
              [36m/>[31m
              [36m<circle[31m
                [33mcx[31m=[32m"4"[31m
                [33mcy[31m=[32m"19"[31m
                [33mfill[31m=[32m"white"[31m
                [33mr[31m=[32m"2.5"[31m
              [36m/>[31m
              [36m<circle[31m
                [33mcx[31m=[32m"34"[31m
                [33mcy[31m=[32m"19"[31m
                [33mfill[31m=[32m"white"[31m
                [33mr[31m=[32m"2.5"[31m
              [36m/>[31m
            [36m</svg>[31m
          [36m</div>[31m
          [36m<div>[31m
            [36m<div[31m
              [33mclass[31m=[32m"header-title"[31m
            [36m>[31m
              [0mOrbital IDE[0m
            [36m</div>[31m
            [36m<div[31m
              [33mclass[31m=[32m"header-subtitle"[31m
            [36m>[31m
              [0mSoroban ┬╖ Testnet[0m
            [36m</div>[31m
          [36m</div>[31m
        [36m</div>[31m
        [36m<div[31m
          [33mclass[31m=[32m"header-center"[31m
        [36m>[31m
          [36m<button[31m
            [33mclass[31m=[32m"header-nav-btn active"[31m
          [36m>[31m
            [36m<svg[31m
              [33maria-hidden[31m=[32m"true"[31m
              [33mclass[31m=[32m"lucide lucide-code-xml"[31m
              [33mfill[31m=[32m"none"[31m
              [33mheight[31m=[32m"14"[31m
              [33mstroke[31m=[32m"currentColor"[31m
              [33mstroke-linecap[31m=[32m"round"[31m
              [33mstroke-linejoin[31m=[32m"round"[31m
              [33mstroke-width[31m=[32m"2"[31m
              [33mviewBox[31m=[32m"0 0 24 24"[31m
              [33mwidth[31m=[32m"14"[31m
              [33mxmlns[31m=[32m"http://www.w3.org/2000/svg"[31m
            [36m>[31m
              [36m<path[31m
                [33md[31m=[32m"m18 16 4-4-4-4"[31m
              [36m/>[31m
              [36m<path[31m
                [33md[31m=[32m"m6 8-4 4 4 4"[31m
              [36m/>[31m
              [36m<path[31m
                [33md[31m=[32m"m14.5 4-5 16"[31m
              [36m/>[31m
            [36m</svg>[31m
            [0m Editor[0m
          [36m</button>[31m
          [36m<button[31m
            [33mclass[31m=[32m"header-nav-btn "[31m
          [36m>[31m
            [36m<svg[31m
              [33maria-hidden[31m=[32m"true"[31m
              [33mclass[31m=[32m"lucide lucide-rocket"[31m
              [33mfill[31m=[32m"none"[31m
              [33mheight[31m=[32m"14"[31m
              [33mstroke[31m=[32m"currentColor"[31m
              [33mstroke-linecap[31m=[32m"round"[31m
              [33mstroke-linejoin[31m=[32m"round"[31m
              [33mstroke-width[31m=[32m"2"[31m
              [33mviewBox[31m=[32m"0 0 24 24"[31m
              [33mwidth[31m=[32m"14"[31m
              [33mxmlns[31m=[32m"http://www.w3.org/2000/svg"[31m
            [36m>[31m
              [36m<path[31m
                [33md[31m=[32m"M12 15v5s3.03-.55 4-2c1.08-1.62 0-5 0-5"[31m
              [36m/>[31m
              [36m<path[31m
                [33md[31m=[32m"M4.5 16.5c-1.5 1.26-2 5-2 5s3.74-.5 5-2c.71-.84.7-2.13-.09-2.91a2.18 2.18 0 0 0-2.91-.09"[31m
              [36m/>[31m
              [36m<path[31m
                [33md[31m=[32m"M9 12a22 22 0 0 1 2-3.95A12.88 12.88 0 0 1 22 2c0 2.72-.78 7.5-6 11a22.4 22.4 0 0 1-4 2z"[31m
              [36m/>[31m
              [36m<path[31m
                [33md[31m=[32m"M9 12H4s.55-3.03 2-4c1.62-1.08 5 .05 5 .05"[31m
              [36m/>[31m
            [36m</svg>[31m
            [0m Deploy[0m
          [36m</button>[31m
          [36m<button[31m
            [33mclass[31m=[32m"header-nav-btn "[31m
          [36m>[31m
            [36m<svg[31m
              [33maria-hidden[31m=[32m"true"[31m
              [33mclass[31m=[32m"lucide lucide-zap"[31m
              [33mfill[31m=[32m"none"[31m
              [33mheight[31m=[32m"14"[31m
              [33mstroke[31m=[32m"currentColor"[31m
              [33mstroke-linecap[31m=[32m"round"[31m
              [33mstroke-linejoin[31m=[32m"round"[31m
              [33mstroke-width[31m=[32m"2"[31m
              [33mviewBox[31m=[32m"0 0 24 24"[31m
              [33mwidth[31m=[32m"14"[31m
              [33mxmlns[31m=[32m"http://www.w3.org/2000/svg"[31m
            [36m>[31m
              [36m<path[31m
                [33md[31m=[32m"M4 14a1 1 0 0 1-.78-1.63l9.9-10.2a.5.5 0 0 1 .86.46l-1.92 6.02A1 1 0 0 0 13 10h7a1 1 0 0 1 .78 1.63l-9.9 10.2a.5.5 0 0 1-.86-.46l1.92-6.02A1 1 0 0 0 11 14z"[31m
              [36m/>[31m
            [36m</svg>[31m
            [0m Interact[0m
          [36m</button>[31m
          [36m<button[31m
            [33mclass[31m=[32m"header-nav-btn "[31m
          [36m>[31m
            [36m<svg[31m
              [33maria-hidden[31m=[32m"true"[31m
              [33mclass[31m=[32m"lucide lucide-history"[31m
              [33mfill[31m=[32m"none"[31m
              [33mheight[31m=[32m"14"[31m
              [33mstroke[31m=[32m"currentColor"[31m
              [33mstroke-linecap[31m=[32m"round"[31m
              [33mstroke-linejoin[31m=[32m"round"[31m
              [33mstroke-width[31m=[32m"2"[31m
              [33mviewBox[31m=[32m"0 0 24 24"[31m
              [33mwidth[31m=[32m"14"[31m
              [33mxmlns[31m=[32m"http://www.w3.org/2...[39m
[31m   [31m├ù[31m Interact panel function discovery[2m > [22mexecutes raw call with valid args[33m 1064[2mms[22m[31m[39m
[31m     ΓåÆ Found multiple elements with the role "button" and name "Interact"

Here are the matching elements:

Ignored nodes: comments, script, style
[36m<button[31m
  [33mclass[31m=[32m"header-nav-btn "[31m
[36m>[31m
  [36m<svg[31m
    [33maria-hidden[31m=[32m"true"[31m
    [33mclass[31m=[32m"lucide lucide-zap"[31m
    [33mfill[31m=[32m"none"[31m
    [33mheight[31m=[32m"14"[31m
    [33mstroke[31m=[32m"currentColor"[31m
    [33mstroke-linecap[31m=[32m"round"[31m
    [33mstroke-linejoin[31m=[32m"round"[31m
    [33mstroke-width[31m=[32m"2"[31m
    [33mviewBox[31m=[32m"0 0 24 24"[31m
    [33mwidth[31m=[32m"14"[31m
    [33mxmlns[31m=[32m"http://www.w3.org/2000/svg"[31m
  [36m>[31m
    [36m<path[31m
      [33md[31m=[32m"M4 14a1 1 0 0 1-.78-1.63l9.9-10.2a.5.5 0 0 1 .86.46l-1.92 6.02A1 1 0 0 0 13 10h7a1 1 0 0 1 .78 1.63l-9.9 10.2a.5.5 0 0 1-.86-.46l1.92-6.02A1 1 0 0 0 11 14z"[31m
    [36m/>[31m
  [36m</svg>[31m
  [0m Interact[0m
[36m</button>[31m

Ignored nodes: comments, script, style
[36m<button[31m
  [33mclass[31m=[32m"panel-tab "[31m
[36m>[31m
  [36m<svg[31m
    [33maria-hidden[31m=[32m"true"[31m
    [33mclass[31m=[32m"lucide lucide-zap"[31m
    [33mfill[31m=[32m"none"[31m
    [33mheight[31m=[32m"13"[31m
    [33mstroke[31m=[32m"currentColor"[31m
    [33mstroke-linecap[31m=[32m"round"[31m
    [33mstroke-linejoin[31m=[32m"round"[31m
    [33mstroke-width[31m=[32m"2"[31m
    [33mviewBox[31m=[32m"0 0 24 24"[31m
    [33mwidth[31m=[32m"13"[31m
    [33mxmlns[31m=[32m"http://www.w3.org/2000/svg"[31m
  [36m>[31m
    [36m<path[31m
      [33md[31m=[32m"M4 14a1 1 0 0 1-.78-1.63l9.9-10.2a.5.5 0 0 1 .86.46l-1.92 6.02A1 1 0 0 0 13 10h7a1 1 0 0 1 .78 1.63l-9.9 10.2a.5.5 0 0 1-.86-.46l1.92-6.02A1 1 0 0 0 11 14z"[31m
    [36m/>[31m
  [36m</svg>[31m
  [0m [0m
  [0mInteract[0m
[36m</button>[31m

(If this is intentional, then use the `*AllBy*` variant of the query (like `queryAllByText`, `getAllByText`, or `findAllByText`)).

Ignored nodes: comments, script, style
[36m<body>[31m
  [36m<div>[31m
    [36m<div[31m
      [33mclass[31m=[32m"ide-shell"[31m
    [36m>[31m
      [36m<header[31m
        [33mclass[31m=[32m"ide-header"[31m
      [36m>[31m
        [36m<div[31m
          [33mclass[31m=[32m"header-brand"[31m
        [36m>[31m
          [36m<div[31m
            [33mclass[31m=[32m"header-logo"[31m
          [36m>[31m
            [36m<svg[31m
              [33mfill[31m=[32m"none"[31m
              [33mheight[31m=[32m"18"[31m
              [33mviewBox[31m=[32m"0 0 38 38"[31m
              [33mwidth[31m=[32m"18"[31m
            [36m>[31m
              [36m<circle[31m
                [33mcx[31m=[32m"19"[31m
                [33mcy[31m=[32m"19"[31m
                [33mfill[31m=[32m"none"[31m
                [33mr[31m=[32m"9"[31m
                [33mstroke[31m=[32m"white"[31m
                [33mstroke-width[31m=[32m"2.5"[31m
              [36m/>[31m
              [36m<circle[31m
                [33mcx[31m=[32m"19"[31m
                [33mcy[31m=[32m"4"[31m
                [33mfill[31m=[32m"white"[31m
                [33mr[31m=[32m"2.5"[31m
              [36m/>[31m
              [36m<circle[31m
                [33mcx[31m=[32m"19"[31m
                [33mcy[31m=[32m"34"[31m
                [33mfill[31m=[32m"white"[31m
                [33mr[31m=[32m"2.5"[31m
              [36m/>[31m
              [36m<circle[31m
                [33mcx[31m=[32m"4"[31m
                [33mcy[31m=[32m"19"[31m
                [33mfill[31m=[32m"white"[31m
                [33mr[31m=[32m"2.5"[31m
              [36m/>[31m
              [36m<circle[31m
                [33mcx[31m=[32m"34"[31m
                [33mcy[31m=[32m"19"[31m
                [33mfill[31m=[32m"white"[31m
                [33mr[31m=[32m"2.5"[31m
              [36m/>[31m
            [36m</svg>[31m
          [36m</div>[31m
          [36m<div>[31m
            [36m<div[31m
              [33mclass[31m=[32m"header-title"[31m
            [36m>[31m
              [0mOrbital IDE[0m
            [36m</div>[31m
            [36m<div[31m
              [33mclass[31m=[32m"header-subtitle"[31m
            [36m>[31m
              [0mSoroban ┬╖ Testnet[0m
            [36m</div>[31m
          [36m</div>[31m
        [36m</div>[31m
        [36m<div[31m
          [33mclass[31m=[32m"header-center"[31m
        [36m>[31m
          [36m<button[31m
            [33mclass[31m=[32m"header-nav-btn active"[31m
          [36m>[31m
            [36m<svg[31m
              [33maria-hidden[31m=[32m"true"[31m
              [33mclass[31m=[32m"lucide lucide-code-xml"[31m
              [33mfill[31m=[32m"none"[31m
              [33mheight[31m=[32m"14"[31m
              [33mstroke[31m=[32m"currentColor"[31m
              [33mstroke-linecap[31m=[32m"round"[31m
              [33mstroke-linejoin[31m=[32m"round"[31m
              [33mstroke-width[31m=[32m"2"[31m
              [33mviewBox[31m=[32m"0 0 24 24"[31m
              [33mwidth[31m=[32m"14"[31m
              [33mxmlns[31m=[32m"http://www.w3.org/2000/svg"[31m
            [36m>[31m
              [36m<path[31m
                [33md[31m=[32m"m18 16 4-4-4-4"[31m
              [36m/>[31m
              [36m<path[31m
                [33md[31m=[32m"m6 8-4 4 4 4"[31m
              [36m/>[31m
              [36m<path[31m
                [33md[31m=[32m"m14.5 4-5 16"[31m
              [36m/>[31m
            [36m</svg>[31m
            [0m Editor[0m
          [36m</button>[31m
          [36m<button[31m
            [33mclass[31m=[32m"header-nav-btn "[31m
          [36m>[31m
            [36m<svg[31m
              [33maria-hidden[31m=[32m"true"[31m
              [33mclass[31m=[32m"lucide lucide-rocket"[31m
              [33mfill[31m=[32m"none"[31m
              [33mheight[31m=[32m"14"[31m
              [33mstroke[31m=[32m"currentColor"[31m
              [33mstroke-linecap[31m=[32m"round"[31m
              [33mstroke-linejoin[31m=[32m"round"[31m
              [33mstroke-width[31m=[32m"2"[31m
              [33mviewBox[31m=[32m"0 0 24 24"[31m
              [33mwidth[31m=[32m"14"[31m
              [33mxmlns[31m=[32m"http://www.w3.org/2000/svg"[31m
            [36m>[31m
              [36m<path[31m
                [33md[31m=[32m"M12 15v5s3.03-.55 4-2c1.08-1.62 0-5 0-5"[31m
              [36m/>[31m
              [36m<path[31m
                [33md[31m=[32m"M4.5 16.5c-1.5 1.26-2 5-2 5s3.74-.5 5-2c.71-.84.7-2.13-.09-2.91a2.18 2.18 0 0 0-2.91-.09"[31m
              [36m/>[31m
              [36m<path[31m
                [33md[31m=[32m"M9 12a22 22 0 0 1 2-3.95A12.88 12.88 0 0 1 22 2c0 2.72-.78 7.5-6 11a22.4 22.4 0 0 1-4 2z"[31m
              [36m/>[31m
              [36m<path[31m
                [33md[31m=[32m"M9 12H4s.55-3.03 2-4c1.62-1.08 5 .05 5 .05"[31m
              [36m/>[31m
            [36m</svg>[31m
            [0m Deploy[0m
          [36m</button>[31m
          [36m<button[31m
            [33mclass[31m=[32m"header-nav-btn "[31m
          [36m>[31m
            [36m<svg[31m
              [33maria-hidden[31m=[32m"true"[31m
              [33mclass[31m=[32m"lucide lucide-zap"[31m
              [33mfill[31m=[32m"none"[31m
              [33mheight[31m=[32m"14"[31m
              [33mstroke[31m=[32m"currentColor"[31m
              [33mstroke-linecap[31m=[32m"round"[31m
              [33mstroke-linejoin[31m=[32m"round"[31m
              [33mstroke-width[31m=[32m"2"[31m
              [33mviewBox[31m=[32m"0 0 24 24"[31m
              [33mwidth[31m=[32m"14"[31m
              [33mxmlns[31m=[32m"http://www.w3.org/2000/svg"[31m
            [36m>[31m
              [36m<path[31m
                [33md[31m=[32m"M4 14a1 1 0 0 1-.78-1.63l9.9-10.2a.5.5 0 0 1 .86.46l-1.92 6.02A1 1 0 0 0 13 10h7a1 1 0 0 1 .78 1.63l-9.9 10.2a.5.5 0 0 1-.86-.46l1.92-6.02A1 1 0 0 0 11 14z"[31m
              [36m/>[31m
            [36m</svg>[31m
            [0m Interact[0m
          [36m</button>[31m
          [36m<button[31m
            [33mclass[31m=[32m"header-nav-btn "[31m
          [36m>[31m
            [36m<svg[31m
              [33maria-hidden[31m=[32m"true"[31m
              [33mclass[31m=[32m"lucide lucide-history"[31m
              [33mfill[31m=[32m"none"[31m
              [33mheight[31m=[32m"14"[31m
              [33mstroke[31m=[32m"currentColor"[31m
              [33mstroke-linecap[31m=[32m"round"[31m
              [33mstroke-linejoin[31m=[32m"round"[31m
              [33mstroke-width[31m=[32m"2"[31m
              [33mviewBox[31m=[32m"0 0 24 24"[31m
              [33mwidth[31m=[32m"14"[31m
              [33mxmlns[31m=[32m"http://www.w3.org/2...

Ignored nodes: comments, script, style
[36m<body>[31m
  [36m<div>[31m
    [36m<div[31m
      [33mclass[31m=[32m"ide-shell"[31m
    [36m>[31m
      [36m<header[31m
        [33mclass[31m=[32m"ide-header"[31m
      [36m>[31m
        [36m<div[31m
          [33mclass[31m=[32m"header-brand"[31m
        [36m>[31m
          [36m<div[31m
            [33mclass[31m=[32m"header-logo"[31m
          [36m>[31m
            [36m<svg[31m
              [33mfill[31m=[32m"none"[31m
              [33mheight[31m=[32m"18"[31m
              [33mviewBox[31m=[32m"0 0 38 38"[31m
              [33mwidth[31m=[32m"18"[31m
            [36m>[31m
              [36m<circle[31m
                [33mcx[31m=[32m"19"[31m
                [33mcy[31m=[32m"19"[31m
                [33mfill[31m=[32m"none"[31m
                [33mr[31m=[32m"9"[31m
                [33mstroke[31m=[32m"white"[31m
                [33mstroke-width[31m=[32m"2.5"[31m
              [36m/>[31m
              [36m<circle[31m
                [33mcx[31m=[32m"19"[31m
                [33mcy[31m=[32m"4"[31m
                [33mfill[31m=[32m"white"[31m
                [33mr[31m=[32m"2.5"[31m
              [36m/>[31m
              [36m<circle[31m
                [33mcx[31m=[32m"19"[31m
                [33mcy[31m=[32m"34"[31m
                [33mfill[31m=[32m"white"[31m
                [33mr[31m=[32m"2.5"[31m
              [36m/>[31m
              [36m<circle[31m
                [33mcx[31m=[32m"4"[31m
                [33mcy[31m=[32m"19"[31m
                [33mfill[31m=[32m"white"[31m
                [33mr[31m=[32m"2.5"[31m
              [36m/>[31m
              [36m<circle[31m
                [33mcx[31m=[32m"34"[31m
                [33mcy[31m=[32m"19"[31m
                [33mfill[31m=[32m"white"[31m
                [33mr[31m=[32m"2.5"[31m
              [36m/>[31m
            [36m</svg>[31m
          [36m</div>[31m
          [36m<div>[31m
            [36m<div[31m
              [33mclass[31m=[32m"header-title"[31m
            [36m>[31m
              [0mOrbital IDE[0m
            [36m</div>[31m
            [36m<div[31m
              [33mclass[31m=[32m"header-subtitle"[31m
            [36m>[31m
              [0mSoroban ┬╖ Testnet[0m
            [36m</div>[31m
          [36m</div>[31m
        [36m</div>[31m
        [36m<div[31m
          [33mclass[31m=[32m"header-center"[31m
        [36m>[31m
          [36m<button[31m
            [33mclass[31m=[32m"header-nav-btn active"[31m
          [36m>[31m
            [36m<svg[31m
              [33maria-hidden[31m=[32m"true"[31m
              [33mclass[31m=[32m"lucide lucide-code-xml"[31m
              [33mfill[31m=[32m"none"[31m
              [33mheight[31m=[32m"14"[31m
              [33mstroke[31m=[32m"currentColor"[31m
              [33mstroke-linecap[31m=[32m"round"[31m
              [33mstroke-linejoin[31m=[32m"round"[31m
              [33mstroke-width[31m=[32m"2"[31m
              [33mviewBox[31m=[32m"0 0 24 24"[31m
              [33mwidth[31m=[32m"14"[31m
              [33mxmlns[31m=[32m"http://www.w3.org/2000/svg"[31m
            [36m>[31m
              [36m<path[31m
                [33md[31m=[32m"m18 16 4-4-4-4"[31m
              [36m/>[31m
              [36m<path[31m
                [33md[31m=[32m"m6 8-4 4 4 4"[31m
              [36m/>[31m
              [36m<path[31m
                [33md[31m=[32m"m14.5 4-5 16"[31m
              [36m/>[31m
            [36m</svg>[31m
            [0m Editor[0m
          [36m</button>[31m
          [36m<button[31m
            [33mclass[31m=[32m"header-nav-btn "[31m
          [36m>[31m
            [36m<svg[31m
              [33maria-hidden[31m=[32m"true"[31m
              [33mclass[31m=[32m"lucide lucide-rocket"[31m
              [33mfill[31m=[32m"none"[31m
              [33mheight[31m=[32m"14"[31m
              [33mstroke[31m=[32m"currentColor"[31m
              [33mstroke-linecap[31m=[32m"round"[31m
              [33mstroke-linejoin[31m=[32m"round"[31m
              [33mstroke-width[31m=[32m"2"[31m
              [33mviewBox[31m=[32m"0 0 24 24"[31m
              [33mwidth[31m=[32m"14"[31m
              [33mxmlns[31m=[32m"http://www.w3.org/2000/svg"[31m
            [36m>[31m
              [36m<path[31m
                [33md[31m=[32m"M12 15v5s3.03-.55 4-2c1.08-1.62 0-5 0-5"[31m
              [36m/>[31m
              [36m<path[31m
                [33md[31m=[32m"M4.5 16.5c-1.5 1.26-2 5-2 5s3.74-.5 5-2c.71-.84.7-2.13-.09-2.91a2.18 2.18 0 0 0-2.91-.09"[31m
              [36m/>[31m
              [36m<path[31m
                [33md[31m=[32m"M9 12a22 22 0 0 1 2-3.95A12.88 12.88 0 0 1 22 2c0 2.72-.78 7.5-6 11a22.4 22.4 0 0 1-4 2z"[31m
              [36m/>[31m
              [36m<path[31m
                [33md[31m=[32m"M9 12H4s.55-3.03 2-4c1.62-1.08 5 .05 5 .05"[31m
              [36m/>[31m
            [36m</svg>[31m
            [0m Deploy[0m
          [36m</button>[31m
          [36m<button[31m
            [33mclass[31m=[32m"header-nav-btn "[31m
          [36m>[31m
            [36m<svg[31m
              [33maria-hidden[31m=[32m"true"[31m
              [33mclass[31m=[32m"lucide lucide-zap"[31m
              [33mfill[31m=[32m"none"[31m
              [33mheight[31m=[32m"14"[31m
              [33mstroke[31m=[32m"currentColor"[31m
              [33mstroke-linecap[31m=[32m"round"[31m
              [33mstroke-linejoin[31m=[32m"round"[31m
              [33mstroke-width[31m=[32m"2"[31m
              [33mviewBox[31m=[32m"0 0 24 24"[31m
              [33mwidth[31m=[32m"14"[31m
              [33mxmlns[31m=[32m"http://www.w3.org/2000/svg"[31m
            [36m>[31m
              [36m<path[31m
                [33md[31m=[32m"M4 14a1 1 0 0 1-.78-1.63l9.9-10.2a.5.5 0 0 1 .86.46l-1.92 6.02A1 1 0 0 0 13 10h7a1 1 0 0 1 .78 1.63l-9.9 10.2a.5.5 0 0 1-.86-.46l1.92-6.02A1 1 0 0 0 11 14z"[31m
              [36m/>[31m
            [36m</svg>[31m
            [0m Interact[0m
          [36m</button>[31m
          [36m<button[31m
            [33mclass[31m=[32m"header-nav-btn "[31m
          [36m>[31m
            [36m<svg[31m
              [33maria-hidden[31m=[32m"true"[31m
              [33mclass[31m=[32m"lucide lucide-history"[31m
              [33mfill[31m=[32m"none"[31m
              [33mheight[31m=[32m"14"[31m
              [33mstroke[31m=[32m"currentColor"[31m
              [33mstroke-linecap[31m=[32m"round"[31m
              [33mstroke-linejoin[31m=[32m"round"[31m
              [33mstroke-width[31m=[32m"2"[31m
              [33mviewBox[31m=[32m"0 0 24 24"[31m
              [33mwidth[31m=[32m"14"[31m
              [33mxmlns[31m=[32m"http://www.w3.org/2...[39m

npm : [31mΓÄ»ΓÄ»ΓÄ»ΓÄ»ΓÄ»ΓÄ»ΓÄ»[1m[7m Failed Tests 4 [27m[22mΓÄ»ΓÄ»ΓÄ»ΓÄ»ΓÄ»ΓÄ»ΓÄ»[39m
At line:1 char:1
+ npm test -- "App.interact.test.jsx" 2>&1 > test-output.txt ; Get-Cont ...
+ ~~~~~~~~~~~~~~~~~~~~~~~~~~~~~~~~~~~~~~~~~~~~~~~~~~~~~~~~~~
    + CategoryInfo          : NotSpecified: ([31mΓÄ»ΓÄ»ΓÄ»Γ...»ΓÄ»ΓÄ»ΓÄ»[39m:String) [], Remo 
   teException
    + FullyQualifiedErrorId : NativeCommandError
 

[31m[1m[7m FAIL [27m[22m[39m src/App.interact.test.jsx[2m > [22mInteract panel function 
discovery[2m > [22muses discovered functions from on-chain spec when available
[31m[1mTestingLibraryElementError[22m[39m: Found multiple elements with the role "button" 
and name "Interact"

Here are the matching elements:

Ignored nodes: comments, script, style
[36m<button[39m
  [33mclass[39m=[32m"header-nav-btn "[39m
[36m>[39m
  [36m<svg[39m
    [33maria-hidden[39m=[32m"true"[39m
    [33mclass[39m=[32m"lucide lucide-zap"[39m
    [33mfill[39m=[32m"none"[39m
    [33mheight[39m=[32m"14"[39m
    [33mstroke[39m=[32m"currentColor"[39m
    [33mstroke-linecap[39m=[32m"round"[39m
    [33mstroke-linejoin[39m=[32m"round"[39m
    [33mstroke-width[39m=[32m"2"[39m
    [33mviewBox[39m=[32m"0 0 24 24"[39m
    [33mwidth[39m=[32m"14"[39m
    [33mxmlns[39m=[32m"http://www.w3.org/2000/svg"[39m
  [36m>[39m
    [36m<path[39m
      [33md[39m=[32m"M4 14a1 1 0 0 1-.78-1.63l9.9-10.2a.5.5 0 0 1 .86.46l-1.92 6.02A1 1 0 0 
0 13 10h7a1 1 0 0 1 .78 1.63l-9.9 10.2a.5.5 0 0 1-.86-.46l1.92-6.02A1 1 0 0 0 11 14z"[39m
    [36m/>[39m
  [36m</svg>[39m
  [0m Interact[0m
[36m</button>[39m

Ignored nodes: comments, script, style
[36m<button[39m
  [33mclass[39m=[32m"panel-tab "[39m
[36m>[39m
  [36m<svg[39m
    [33maria-hidden[39m=[32m"true"[39m
    [33mclass[39m=[32m"lucide lucide-zap"[39m
    [33mfill[39m=[32m"none"[39m
    [33mheight[39m=[32m"13"[39m
    [33mstroke[39m=[32m"currentColor"[39m
    [33mstroke-linecap[39m=[32m"round"[39m
    [33mstroke-linejoin[39m=[32m"round"[39m
    [33mstroke-width[39m=[32m"2"[39m
    [33mviewBox[39m=[32m"0 0 24 24"[39m
    [33mwidth[39m=[32m"13"[39m
    [33mxmlns[39m=[32m"http://www.w3.org/2000/svg"[39m
  [36m>[39m
    [36m<path[39m
      [33md[39m=[32m"M4 14a1 1 0 0 1-.78-1.63l9.9-10.2a.5.5 0 0 1 .86.46l-1.92 6.02A1 1 0 0 
0 13 10h7a1 1 0 0 1 .78 1.63l-9.9 10.2a.5.5 0 0 1-.86-.46l1.92-6.02A1 1 0 0 0 11 14z"[39m
    [36m/>[39m
  [36m</svg>[39m
  [0m [0m
  [0mInteract[0m
[36m</button>[39m

(If this is intentional, then use the `*AllBy*` variant of the query (like `queryAllByText`, 
`getAllByText`, or `findAllByText`)).

Ignored nodes: comments, script, style
[36m<body>[39m
  [36m<div>[39m
    [36m<div[39m
      [33mclass[39m=[32m"ide-shell"[39m
    [36m>[39m
      [36m<header[39m
        [33mclass[39m=[32m"ide-header"[39m
      [36m>[39m
        [36m<div[39m
          [33mclass[39m=[32m"header-brand"[39m
        [36m>[39m
          [36m<div[39m
            [33mclass[39m=[32m"header-logo"[39m
          [36m>[39m
            [36m<svg[39m
              [33mfill[39m=[32m"none"[39m
              [33mheight[39m=[32m"18"[39m
              [33mviewBox[39m=[32m"0 0 38 38"[39m
              [33mwidth[39m=[32m"18"[39m
            [36m>[39m
              [36m<circle[39m
                [33mcx[39m=[32m"19"[39m
                [33mcy[39m=[32m"19"[39m
                [33mfill[39m=[32m"none"[39m
                [33mr[39m=[32m"9"[39m
                [33mstroke[39m=[32m"white"[39m
                [33mstroke-width[39m=[32m"2.5"[39m
              [36m/>[39m
              [36m<circle[39m
                [33mcx[39m=[32m"19"[39m
                [33mcy[39m=[32m"4"[39m
                [33mfill[39m=[32m"white"[39m
                [33mr[39m=[32m"2.5"[39m
              [36m/>[39m
              [36m<circle[39m
                [33mcx[39m=[32m"19"[39m
                [33mcy[39m=[32m"34"[39m
                [33mfill[39m=[32m"white"[39m
                [33mr[39m=[32m"2.5"[39m
              [36m/>[39m
              [36m<circle[39m
                [33mcx[39m=[32m"4"[39m
                [33mcy[39m=[32m"19"[39m
                [33mfill[39m=[32m"white"[39m
                [33mr[39m=[32m"2.5"[39m
              [36m/>[39m
              [36m<circle[39m
                [33mcx[39m=[32m"34"[39m
                [33mcy[39m=[32m"19"[39m
                [33mfill[39m=[32m"white"[39m
                [33mr[39m=[32m"2.5"[39m
              [36m/>[39m
            [36m</svg>[39m
          [36m</div>[39m
          [36m<div>[39m
            [36m<div[39m
              [33mclass[39m=[32m"header-title"[39m
            [36m>[39m
              [0mOrbital IDE[0m
            [36m</div>[39m
            [36m<div[39m
              [33mclass[39m=[32m"header-subtitle"[39m
            [36m>[39m
              [0mSoroban ┬╖ Testnet[0m
            [36m</div>[39m
          [36m</div>[39m
        [36m</div>[39m
        [36m<div[39m
          [33mclass[39m=[32m"header-center"[39m
        [36m>[39m
          [36m<button[39m
            [33mclass[39m=[32m"header-nav-btn active"[39m
          [36m>[39m
            [36m<svg[39m
              [33maria-hidden[39m=[32m"true"[39m
              [33mclass[39m=[32m"lucide lucide-code-xml"[39m
              [33mfill[39m=[32m"none"[39m
              [33mheight[39m=[32m"14"[39m
              [33mstroke[39m=[32m"currentColor"[39m
              [33mstroke-linecap[39m=[32m"round"[39m
              [33mstroke-linejoin[39m=[32m"round"[39m
              [33mstroke-width[39m=[32m"2"[39m
              [33mviewBox[39m=[32m"0 0 24 24"[39m
              [33mwidth[39m=[32m"14"[39m
              [33mxmlns[39m=[32m"http://www.w3.org/2000/svg"[39m
            [36m>[39m
              [36m<path[39m
                [33md[39m=[32m"m18 16 4-4-4-4"[39m
              [36m/>[39m
              [36m<path[39m
                [33md[39m=[32m"m6 8-4 4 4 4"[39m
              [36m/>[39m
              [36m<path[39m
                [33md[39m=[32m"m14.5 4-5 16"[39m
              [36m/>[39m
            [36m</svg>[39m
            [0m Editor[0m
          [36m</button>[39m
          [36m<button[39m
            [33mclass[39m=[32m"header-nav-btn "[39m
          [36m>[39m
            [36m<svg[39m
              [33maria-hidden[39m=[32m"true"[39m
              [33mclass[39m=[32m"lucide lucide-rocket"[39m
              [33mfill[39m=[32m"none"[39m
              [33mheight[39m=[32m"14"[39m
              [33mstroke[39m=[32m"currentColor"[39m
              [33mstroke-linecap[39m=[32m"round"[39m
              [33mstroke-linejoin[39m=[32m"round"[39m
              [33mstroke-width[39m=[32m"2"[39m
              [33mviewBox[39m=[32m"0 0 24 24"[39m
              [33mwidth[39m=[32m"14"[39m
              [33mxmlns[39m=[32m"http://www.w3.org/2000/svg"[39m
            [36m>[39m
              [36m<path[39m
                [33md[39m=[32m"M12 15v5s3.03-.55 4-2c1.08-1.62 0-5 0-5"[39m
              [36m/>[39m
              [36m<path[39m
                [33md[39m=[32m"M4.5 16.5c-1.5 1.26-2 5-2 5s3.74-.5 
5-2c.71-.84.7-2.13-.09-2.91a2.18 2.18 0 0 0-2.91-.09"[39m
              [36m/>[39m
              [36m<path[39m
                [33md[39m=[32m"M9 12a22 22 0 0 1 2-3.95A12.88 12.88 0 0 1 22 2c0 2.72-.78 
7.5-6 11a22.4 22.4 0 0 1-4 2z"[39m
              [36m/>[39m
              [36m<path[39m
                [33md[39m=[32m"M9 12H4s.55-3.03 2-4c1.62-1.08 5 .05 5 .05"[39m
              [36m/>[39m
            [36m</svg>[39m
            [0m Deploy[0m
          [36m</button>[39m
          [36m<button[39m
            [33mclass[39m=[32m"header-nav-btn "[39m
          [36m>[39m
            [36m<svg[39m
              [33maria-hidden[39m=[32m"true"[39m
              [33mclass[39m=[32m"lucide lucide-zap"[39m
              [33mfill[39m=[32m"none"[39m
              [33mheight[39m=[32m"14"[39m
              [33mstroke[39m=[32m"currentColor"[39m
              [33mstroke-linecap[39m=[32m"round"[39m
              [33mstroke-linejoin[39m=[32m"round"[39m
              [33mstroke-width[39m=[32m"2"[39m
              [33mviewBox[39m=[32m"0 0 24 24"[39m
              [33mwidth[39m=[32m"14"[39m
              [33mxmlns[39m=[32m"http://www.w3.org/2000/svg"[39m
            [36m>[39m
              [36m<path[39m
                [33md[39m=[32m"M4 14a1 1 0 0 1-.78-1.63l9.9-10.2a.5.5 0 0 1 .86.46l-1.92 
6.02A1 1 0 0 0 13 10h7a1 1 0 0 1 .78 1.63l-9.9 10.2a.5.5 0 0 1-.86-.46l1.92-6.02A1 1 0 0 0 11 
14z"[39m
              [36m/>[39m
            [36m</svg>[39m
            [0m Interact[0m
          [36m</button>[39m
          [36m<button[39m
            [33mclass[39m=[32m"header-nav-btn "[39m
          [36m>[39m
            [36m<svg[39m
              [33maria-hidden[39m=[32m"true"[39m
              [33mclass[39m=[32m"lucide lucide-history"[39m
              [33mfill[39m=[32m"none"[39m
              [33mheight[39m=[32m"14"[39m
              [33mstroke[39m=[32m"currentColor"[39m
              [33mstroke-linecap[39m=[32m"round"[39m
              [33mstroke-linejoin[39m=[32m"round"[39m
              [33mstroke-width[39m=[32m"2"[39m
              [33mviewBox[39m=[32m"0 0 24 24"[39m
              [33mwidth[39m=[32m"14"[39m
              [33mxmlns[39m=[32m"http://www.w3.org/2...

Ignored nodes: comments, script, style
[36m<body>[39m
  [36m<div>[39m
    [36m<div[39m
      [33mclass[39m=[32m"ide-shell"[39m
    [36m>[39m
      [36m<header[39m
        [33mclass[39m=[32m"ide-header"[39m
      [36m>[39m
        [36m<div[39m
          [33mclass[39m=[32m"header-brand"[39m
        [36m>[39m
          [36m<div[39m
            [33mclass[39m=[32m"header-logo"[39m
          [36m>[39m
            [36m<svg[39m
              [33mfill[39m=[32m"none"[39m
              [33mheight[39m=[32m"18"[39m
              [33mviewBox[39m=[32m"0 0 38 38"[39m
              [33mwidth[39m=[32m"18"[39m
            [36m>[39m
              [36m<circle[39m
                [33mcx[39m=[32m"19"[39m
                [33mcy[39m=[32m"19"[39m
                [33mfill[39m=[32m"none"[39m
                [33mr[39m=[32m"9"[39m
                [33mstroke[39m=[32m"white"[39m
                [33mstroke-width[39m=[32m"2.5"[39m
              [36m/>[39m
              [36m<circle[39m
                [33mcx[39m=[32m"19"[39m
                [33mcy[39m=[32m"4"[39m
                [33mfill[39m=[32m"white"[39m
                [33mr[39m=[32m"2.5"[39m
              [36m/>[39m
              [36m<circle[39m
                [33mcx[39m=[32m"19"[39m
                [33mcy[39m=[32m"34"[39m
                [33mfill[39m=[32m"white"[39m
                [33mr[39m=[32m"2.5"[39m
              [36m/>[39m
              [36m<circle[39m
                [33mcx[39m=[32m"4"[39m
                [33mcy[39m=[32m"19"[39m
                [33mfill[39m=[32m"white"[39m
                [33mr[39m=[32m"2.5"[39m
              [36m/>[39m
              [36m<circle[39m
                [33mcx[39m=[32m"34"[39m
                [33mcy[39m=[32m"19"[39m
                [33mfill[39m=[32m"white"[39m
                [33mr[39m=[32m"2.5"[39m
              [36m/>[39m
            [36m</svg>[39m
          [36m</div>[39m
          [36m<div>[39m
            [36m<div[39m
              [33mclass[39m=[32m"header-title"[39m
            [36m>[39m
              [0mOrbital IDE[0m
            [36m</div>[39m
            [36m<div[39m
              [33mclass[39m=[32m"header-subtitle"[39m
            [36m>[39m
              [0mSoroban ┬╖ Testnet[0m
            [36m</div>[39m
          [36m</div>[39m
        [36m</div>[39m
        [36m<div[39m
          [33mclass[39m=[32m"header-center"[39m
        [36m>[39m
          [36m<button[39m
            [33mclass[39m=[32m"header-nav-btn active"[39m
          [36m>[39m
            [36m<svg[39m
              [33maria-hidden[39m=[32m"true"[39m
              [33mclass[39m=[32m"lucide lucide-code-xml"[39m
              [33mfill[39m=[32m"none"[39m
              [33mheight[39m=[32m"14"[39m
              [33mstroke[39m=[32m"currentColor"[39m
              [33mstroke-linecap[39m=[32m"round"[39m
              [33mstroke-linejoin[39m=[32m"round"[39m
              [33mstroke-width[39m=[32m"2"[39m
              [33mviewBox[39m=[32m"0 0 24 24"[39m
              [33mwidth[39m=[32m"14"[39m
              [33mxmlns[39m=[32m"http://www.w3.org/2000/svg"[39m
            [36m>[39m
              [36m<path[39m
                [33md[39m=[32m"m18 16 4-4-4-4"[39m
              [36m/>[39m
              [36m<path[39m
                [33md[39m=[32m"m6 8-4 4 4 4"[39m
              [36m/>[39m
              [36m<path[39m
                [33md[39m=[32m"m14.5 4-5 16"[39m
              [36m/>[39m
            [36m</svg>[39m
            [0m Editor[0m
          [36m</button>[39m
          [36m<button[39m
            [33mclass[39m=[32m"header-nav-btn "[39m
          [36m>[39m
            [36m<svg[39m
              [33maria-hidden[39m=[32m"true"[39m
              [33mclass[39m=[32m"lucide lucide-rocket"[39m
              [33mfill[39m=[32m"none"[39m
              [33mheight[39m=[32m"14"[39m
              [33mstroke[39m=[32m"currentColor"[39m
              [33mstroke-linecap[39m=[32m"round"[39m
              [33mstroke-linejoin[39m=[32m"round"[39m
              [33mstroke-width[39m=[32m"2"[39m
              [33mviewBox[39m=[32m"0 0 24 24"[39m
              [33mwidth[39m=[32m"14"[39m
              [33mxmlns[39m=[32m"http://www.w3.org/2000/svg"[39m
            [36m>[39m
              [36m<path[39m
                [33md[39m=[32m"M12 15v5s3.03-.55 4-2c1.08-1.62 0-5 0-5"[39m
              [36m/>[39m
              [36m<path[39m
                [33md[39m=[32m"M4.5 16.5c-1.5 1.26-2 5-2 5s3.74-.5 
5-2c.71-.84.7-2.13-.09-2.91a2.18 2.18 0 0 0-2.91-.09"[39m
              [36m/>[39m
              [36m<path[39m
                [33md[39m=[32m"M9 12a22 22 0 0 1 2-3.95A12.88 12.88 0 0 1 22 2c0 2.72-.78 
7.5-6 11a22.4 22.4 0 0 1-4 2z"[39m
              [36m/>[39m
              [36m<path[39m
                [33md[39m=[32m"M9 12H4s.55-3.03 2-4c1.62-1.08 5 .05 5 .05"[39m
              [36m/>[39m
            [36m</svg>[39m
            [0m Deploy[0m
          [36m</button>[39m
          [36m<button[39m
            [33mclass[39m=[32m"header-nav-btn "[39m
          [36m>[39m
            [36m<svg[39m
              [33maria-hidden[39m=[32m"true"[39m
              [33mclass[39m=[32m"lucide lucide-zap"[39m
              [33mfill[39m=[32m"none"[39m
              [33mheight[39m=[32m"14"[39m
              [33mstroke[39m=[32m"currentColor"[39m
              [33mstroke-linecap[39m=[32m"round"[39m
              [33mstroke-linejoin[39m=[32m"round"[39m
              [33mstroke-width[39m=[32m"2"[39m
              [33mviewBox[39m=[32m"0 0 24 24"[39m
              [33mwidth[39m=[32m"14"[39m
              [33mxmlns[39m=[32m"http://www.w3.org/2000/svg"[39m
            [36m>[39m
              [36m<path[39m
                [33md[39m=[32m"M4 14a1 1 0 0 1-.78-1.63l9.9-10.2a.5.5 0 0 1 .86.46l-1.92 
6.02A1 1 0 0 0 13 10h7a1 1 0 0 1 .78 1.63l-9.9 10.2a.5.5 0 0 1-.86-.46l1.92-6.02A1 1 0 0 0 11 
14z"[39m
              [36m/>[39m
            [36m</svg>[39m
            [0m Interact[0m
          [36m</button>[39m
          [36m<button[39m
            [33mclass[39m=[32m"header-nav-btn "[39m
          [36m>[39m
            [36m<svg[39m
              [33maria-hidden[39m=[32m"true"[39m
              [33mclass[39m=[32m"lucide lucide-history"[39m
              [33mfill[39m=[32m"none"[39m
              [33mheight[39m=[32m"14"[39m
              [33mstroke[39m=[32m"currentColor"[39m
              [33mstroke-linecap[39m=[32m"round"[39m
              [33mstroke-linejoin[39m=[32m"round"[39m
              [33mstroke-width[39m=[32m"2"[39m
              [33mviewBox[39m=[32m"0 0 24 24"[39m
              [33mwidth[39m=[32m"14"[39m
              [33mxmlns[39m=[32m"http://www.w3.org/2...
[90m [2mΓ¥»[22m waitForWrapper 
node_modules/@testing-library/dom/dist/wait-for.js:[2m163:27[22m[39m
[90m [2mΓ¥»[22m node_modules/@testing-library/dom/dist/query-helpers.js:[2m86:33[22m[39m
[36m [2mΓ¥»[22m src/App.interact.test.jsx:[2m122:34[22m[39m
    [90m120| [39m    fireEvent[33m.[39m[34mclick[39m(screen[33m.[39m[34mgetByRole[39m(
[32m'button'[39m[33m,[39m { name[33m:[39m [32m'Enter IDE'[39m }))[33m;[39m
    [90m121| [39m
    [90m122| [39m    fireEvent[33m.[39m[34mclick[39m([35mawait[39m 
screen[33m.[39m[34mfindByRole[39m([32m'button'[39m[33m,[39m { name[33m:[39m 
[32m'Interac[39mΓÇª
    [90m   | [39m                                 [31m^[39m
    [90m123| [39m
    [90m124| [39m    [34mexpect[39m([35mawait[39m 
screen[33m.[39m[34mfindByText[39m([36m/Functions: On-chain 
spec/i[39m))[33m.[39m[34mtoBeI[39mΓÇª

[31m[2mΓÄ»ΓÄ»ΓÄ»ΓÄ»ΓÄ»ΓÄ»ΓÄ»ΓÄ»ΓÄ»ΓÄ»ΓÄ»ΓÄ»ΓÄ»ΓÄ»ΓÄ»ΓÄ»ΓÄ»ΓÄ»ΓÄ»ΓÄ»ΓÄ»ΓÄ»ΓÄ»ΓÄ»[1/4]ΓÄ»[22m[
39m

[31m[1m[7m FAIL [27m[22m[39m src/App.interact.test.jsx[2m > [22mInteract panel function 
discovery[2m > [22mfalls back to example metadata when discovery fails
[31m[1mTestingLibraryElementError[22m[39m: Found multiple elements with the role "button" 
and name "Interact"

Here are the matching elements:

Ignored nodes: comments, script, style
[36m<button[39m
  [33mclass[39m=[32m"header-nav-btn "[39m
[36m>[39m
  [36m<svg[39m
    [33maria-hidden[39m=[32m"true"[39m
    [33mclass[39m=[32m"lucide lucide-zap"[39m
    [33mfill[39m=[32m"none"[39m
    [33mheight[39m=[32m"14"[39m
    [33mstroke[39m=[32m"currentColor"[39m
    [33mstroke-linecap[39m=[32m"round"[39m
    [33mstroke-linejoin[39m=[32m"round"[39m
    [33mstroke-width[39m=[32m"2"[39m
    [33mviewBox[39m=[32m"0 0 24 24"[39m
    [33mwidth[39m=[32m"14"[39m
    [33mxmlns[39m=[32m"http://www.w3.org/2000/svg"[39m
  [36m>[39m
    [36m<path[39m
      [33md[39m=[32m"M4 14a1 1 0 0 1-.78-1.63l9.9-10.2a.5.5 0 0 1 .86.46l-1.92 6.02A1 1 0 0 
0 13 10h7a1 1 0 0 1 .78 1.63l-9.9 10.2a.5.5 0 0 1-.86-.46l1.92-6.02A1 1 0 0 0 11 14z"[39m
    [36m/>[39m
  [36m</svg>[39m
  [0m Interact[0m
[36m</button>[39m

Ignored nodes: comments, script, style
[36m<button[39m
  [33mclass[39m=[32m"panel-tab "[39m
[36m>[39m
  [36m<svg[39m
    [33maria-hidden[39m=[32m"true"[39m
    [33mclass[39m=[32m"lucide lucide-zap"[39m
    [33mfill[39m=[32m"none"[39m
    [33mheight[39m=[32m"13"[39m
    [33mstroke[39m=[32m"currentColor"[39m
    [33mstroke-linecap[39m=[32m"round"[39m
    [33mstroke-linejoin[39m=[32m"round"[39m
    [33mstroke-width[39m=[32m"2"[39m
    [33mviewBox[39m=[32m"0 0 24 24"[39m
    [33mwidth[39m=[32m"13"[39m
    [33mxmlns[39m=[32m"http://www.w3.org/2000/svg"[39m
  [36m>[39m
    [36m<path[39m
      [33md[39m=[32m"M4 14a1 1 0 0 1-.78-1.63l9.9-10.2a.5.5 0 0 1 .86.46l-1.92 6.02A1 1 0 0 
0 13 10h7a1 1 0 0 1 .78 1.63l-9.9 10.2a.5.5 0 0 1-.86-.46l1.92-6.02A1 1 0 0 0 11 14z"[39m
    [36m/>[39m
  [36m</svg>[39m
  [0m [0m
  [0mInteract[0m
[36m</button>[39m

(If this is intentional, then use the `*AllBy*` variant of the query (like `queryAllByText`, 
`getAllByText`, or `findAllByText`)).

Ignored nodes: comments, script, style
[36m<body>[39m
  [36m<div>[39m
    [36m<div[39m
      [33mclass[39m=[32m"ide-shell"[39m
    [36m>[39m
      [36m<header[39m
        [33mclass[39m=[32m"ide-header"[39m
      [36m>[39m
        [36m<div[39m
          [33mclass[39m=[32m"header-brand"[39m
        [36m>[39m
          [36m<div[39m
            [33mclass[39m=[32m"header-logo"[39m
          [36m>[39m
            [36m<svg[39m
              [33mfill[39m=[32m"none"[39m
              [33mheight[39m=[32m"18"[39m
              [33mviewBox[39m=[32m"0 0 38 38"[39m
              [33mwidth[39m=[32m"18"[39m
            [36m>[39m
              [36m<circle[39m
                [33mcx[39m=[32m"19"[39m
                [33mcy[39m=[32m"19"[39m
                [33mfill[39m=[32m"none"[39m
                [33mr[39m=[32m"9"[39m
                [33mstroke[39m=[32m"white"[39m
                [33mstroke-width[39m=[32m"2.5"[39m
              [36m/>[39m
              [36m<circle[39m
                [33mcx[39m=[32m"19"[39m
                [33mcy[39m=[32m"4"[39m
                [33mfill[39m=[32m"white"[39m
                [33mr[39m=[32m"2.5"[39m
              [36m/>[39m
              [36m<circle[39m
                [33mcx[39m=[32m"19"[39m
                [33mcy[39m=[32m"34"[39m
                [33mfill[39m=[32m"white"[39m
                [33mr[39m=[32m"2.5"[39m
              [36m/>[39m
              [36m<circle[39m
                [33mcx[39m=[32m"4"[39m
                [33mcy[39m=[32m"19"[39m
                [33mfill[39m=[32m"white"[39m
                [33mr[39m=[32m"2.5"[39m
              [36m/>[39m
              [36m<circle[39m
                [33mcx[39m=[32m"34"[39m
                [33mcy[39m=[32m"19"[39m
                [33mfill[39m=[32m"white"[39m
                [33mr[39m=[32m"2.5"[39m
              [36m/>[39m
            [36m</svg>[39m
          [36m</div>[39m
          [36m<div>[39m
            [36m<div[39m
              [33mclass[39m=[32m"header-title"[39m
            [36m>[39m
              [0mOrbital IDE[0m
            [36m</div>[39m
            [36m<div[39m
              [33mclass[39m=[32m"header-subtitle"[39m
            [36m>[39m
              [0mSoroban ┬╖ Testnet[0m
            [36m</div>[39m
          [36m</div>[39m
        [36m</div>[39m
        [36m<div[39m
          [33mclass[39m=[32m"header-center"[39m
        [36m>[39m
          [36m<button[39m
            [33mclass[39m=[32m"header-nav-btn active"[39m
          [36m>[39m
            [36m<svg[39m
              [33maria-hidden[39m=[32m"true"[39m
              [33mclass[39m=[32m"lucide lucide-code-xml"[39m
              [33mfill[39m=[32m"none"[39m
              [33mheight[39m=[32m"14"[39m
              [33mstroke[39m=[32m"currentColor"[39m
              [33mstroke-linecap[39m=[32m"round"[39m
              [33mstroke-linejoin[39m=[32m"round"[39m
              [33mstroke-width[39m=[32m"2"[39m
              [33mviewBox[39m=[32m"0 0 24 24"[39m
              [33mwidth[39m=[32m"14"[39m
              [33mxmlns[39m=[32m"http://www.w3.org/2000/svg"[39m
            [36m>[39m
              [36m<path[39m
                [33md[39m=[32m"m18 16 4-4-4-4"[39m
              [36m/>[39m
              [36m<path[39m
                [33md[39m=[32m"m6 8-4 4 4 4"[39m
              [36m/>[39m
              [36m<path[39m
                [33md[39m=[32m"m14.5 4-5 16"[39m
              [36m/>[39m
            [36m</svg>[39m
            [0m Editor[0m
          [36m</button>[39m
          [36m<button[39m
            [33mclass[39m=[32m"header-nav-btn "[39m
          [36m>[39m
            [36m<svg[39m
              [33maria-hidden[39m=[32m"true"[39m
              [33mclass[39m=[32m"lucide lucide-rocket"[39m
              [33mfill[39m=[32m"none"[39m
              [33mheight[39m=[32m"14"[39m
              [33mstroke[39m=[32m"currentColor"[39m
              [33mstroke-linecap[39m=[32m"round"[39m
              [33mstroke-linejoin[39m=[32m"round"[39m
              [33mstroke-width[39m=[32m"2"[39m
              [33mviewBox[39m=[32m"0 0 24 24"[39m
              [33mwidth[39m=[32m"14"[39m
              [33mxmlns[39m=[32m"http://www.w3.org/2000/svg"[39m
            [36m>[39m
              [36m<path[39m
                [33md[39m=[32m"M12 15v5s3.03-.55 4-2c1.08-1.62 0-5 0-5"[39m
              [36m/>[39m
              [36m<path[39m
                [33md[39m=[32m"M4.5 16.5c-1.5 1.26-2 5-2 5s3.74-.5 
5-2c.71-.84.7-2.13-.09-2.91a2.18 2.18 0 0 0-2.91-.09"[39m
              [36m/>[39m
              [36m<path[39m
                [33md[39m=[32m"M9 12a22 22 0 0 1 2-3.95A12.88 12.88 0 0 1 22 2c0 2.72-.78 
7.5-6 11a22.4 22.4 0 0 1-4 2z"[39m
              [36m/>[39m
              [36m<path[39m
                [33md[39m=[32m"M9 12H4s.55-3.03 2-4c1.62-1.08 5 .05 5 .05"[39m
              [36m/>[39m
            [36m</svg>[39m
            [0m Deploy[0m
          [36m</button>[39m
          [36m<button[39m
            [33mclass[39m=[32m"header-nav-btn "[39m
          [36m>[39m
            [36m<svg[39m
              [33maria-hidden[39m=[32m"true"[39m
              [33mclass[39m=[32m"lucide lucide-zap"[39m
              [33mfill[39m=[32m"none"[39m
              [33mheight[39m=[32m"14"[39m
              [33mstroke[39m=[32m"currentColor"[39m
              [33mstroke-linecap[39m=[32m"round"[39m
              [33mstroke-linejoin[39m=[32m"round"[39m
              [33mstroke-width[39m=[32m"2"[39m
              [33mviewBox[39m=[32m"0 0 24 24"[39m
              [33mwidth[39m=[32m"14"[39m
              [33mxmlns[39m=[32m"http://www.w3.org/2000/svg"[39m
            [36m>[39m
              [36m<path[39m
                [33md[39m=[32m"M4 14a1 1 0 0 1-.78-1.63l9.9-10.2a.5.5 0 0 1 .86.46l-1.92 
6.02A1 1 0 0 0 13 10h7a1 1 0 0 1 .78 1.63l-9.9 10.2a.5.5 0 0 1-.86-.46l1.92-6.02A1 1 0 0 0 11 
14z"[39m
              [36m/>[39m
            [36m</svg>[39m
            [0m Interact[0m
          [36m</button>[39m
          [36m<button[39m
            [33mclass[39m=[32m"header-nav-btn "[39m
          [36m>[39m
            [36m<svg[39m
              [33maria-hidden[39m=[32m"true"[39m
              [33mclass[39m=[32m"lucide lucide-history"[39m
              [33mfill[39m=[32m"none"[39m
              [33mheight[39m=[32m"14"[39m
              [33mstroke[39m=[32m"currentColor"[39m
              [33mstroke-linecap[39m=[32m"round"[39m
              [33mstroke-linejoin[39m=[32m"round"[39m
              [33mstroke-width[39m=[32m"2"[39m
              [33mviewBox[39m=[32m"0 0 24 24"[39m
              [33mwidth[39m=[32m"14"[39m
              [33mxmlns[39m=[32m"http://www.w3.org/2...

Ignored nodes: comments, script, style
[36m<body>[39m
  [36m<div>[39m
    [36m<div[39m
      [33mclass[39m=[32m"ide-shell"[39m
    [36m>[39m
      [36m<header[39m
        [33mclass[39m=[32m"ide-header"[39m
      [36m>[39m
        [36m<div[39m
          [33mclass[39m=[32m"header-brand"[39m
        [36m>[39m
          [36m<div[39m
            [33mclass[39m=[32m"header-logo"[39m
          [36m>[39m
            [36m<svg[39m
              [33mfill[39m=[32m"none"[39m
              [33mheight[39m=[32m"18"[39m
              [33mviewBox[39m=[32m"0 0 38 38"[39m
              [33mwidth[39m=[32m"18"[39m
            [36m>[39m
              [36m<circle[39m
                [33mcx[39m=[32m"19"[39m
                [33mcy[39m=[32m"19"[39m
                [33mfill[39m=[32m"none"[39m
                [33mr[39m=[32m"9"[39m
                [33mstroke[39m=[32m"white"[39m
                [33mstroke-width[39m=[32m"2.5"[39m
              [36m/>[39m
              [36m<circle[39m
                [33mcx[39m=[32m"19"[39m
                [33mcy[39m=[32m"4"[39m
                [33mfill[39m=[32m"white"[39m
                [33mr[39m=[32m"2.5"[39m
              [36m/>[39m
              [36m<circle[39m
                [33mcx[39m=[32m"19"[39m
                [33mcy[39m=[32m"34"[39m
                [33mfill[39m=[32m"white"[39m
                [33mr[39m=[32m"2.5"[39m
              [36m/>[39m
              [36m<circle[39m
                [33mcx[39m=[32m"4"[39m
                [33mcy[39m=[32m"19"[39m
                [33mfill[39m=[32m"white"[39m
                [33mr[39m=[32m"2.5"[39m
              [36m/>[39m
              [36m<circle[39m
                [33mcx[39m=[32m"34"[39m
                [33mcy[39m=[32m"19"[39m
                [33mfill[39m=[32m"white"[39m
                [33mr[39m=[32m"2.5"[39m
              [36m/>[39m
            [36m</svg>[39m
          [36m</div>[39m
          [36m<div>[39m
            [36m<div[39m
              [33mclass[39m=[32m"header-title"[39m
            [36m>[39m
              [0mOrbital IDE[0m
            [36m</div>[39m
            [36m<div[39m
              [33mclass[39m=[32m"header-subtitle"[39m
            [36m>[39m
              [0mSoroban ┬╖ Testnet[0m
            [36m</div>[39m
          [36m</div>[39m
        [36m</div>[39m
        [36m<div[39m
          [33mclass[39m=[32m"header-center"[39m
        [36m>[39m
          [36m<button[39m
            [33mclass[39m=[32m"header-nav-btn active"[39m
          [36m>[39m
            [36m<svg[39m
              [33maria-hidden[39m=[32m"true"[39m
              [33mclass[39m=[32m"lucide lucide-code-xml"[39m
              [33mfill[39m=[32m"none"[39m
              [33mheight[39m=[32m"14"[39m
              [33mstroke[39m=[32m"currentColor"[39m
              [33mstroke-linecap[39m=[32m"round"[39m
              [33mstroke-linejoin[39m=[32m"round"[39m
              [33mstroke-width[39m=[32m"2"[39m
              [33mviewBox[39m=[32m"0 0 24 24"[39m
              [33mwidth[39m=[32m"14"[39m
              [33mxmlns[39m=[32m"http://www.w3.org/2000/svg"[39m
            [36m>[39m
              [36m<path[39m
                [33md[39m=[32m"m18 16 4-4-4-4"[39m
              [36m/>[39m
              [36m<path[39m
                [33md[39m=[32m"m6 8-4 4 4 4"[39m
              [36m/>[39m
              [36m<path[39m
                [33md[39m=[32m"m14.5 4-5 16"[39m
              [36m/>[39m
            [36m</svg>[39m
            [0m Editor[0m
          [36m</button>[39m
          [36m<button[39m
            [33mclass[39m=[32m"header-nav-btn "[39m
          [36m>[39m
            [36m<svg[39m
              [33maria-hidden[39m=[32m"true"[39m
              [33mclass[39m=[32m"lucide lucide-rocket"[39m
              [33mfill[39m=[32m"none"[39m
              [33mheight[39m=[32m"14"[39m
              [33mstroke[39m=[32m"currentColor"[39m
              [33mstroke-linecap[39m=[32m"round"[39m
              [33mstroke-linejoin[39m=[32m"round"[39m
              [33mstroke-width[39m=[32m"2"[39m
              [33mviewBox[39m=[32m"0 0 24 24"[39m
              [33mwidth[39m=[32m"14"[39m
              [33mxmlns[39m=[32m"http://www.w3.org/2000/svg"[39m
            [36m>[39m
              [36m<path[39m
                [33md[39m=[32m"M12 15v5s3.03-.55 4-2c1.08-1.62 0-5 0-5"[39m
              [36m/>[39m
              [36m<path[39m
                [33md[39m=[32m"M4.5 16.5c-1.5 1.26-2 5-2 5s3.74-.5 
5-2c.71-.84.7-2.13-.09-2.91a2.18 2.18 0 0 0-2.91-.09"[39m
              [36m/>[39m
              [36m<path[39m
                [33md[39m=[32m"M9 12a22 22 0 0 1 2-3.95A12.88 12.88 0 0 1 22 2c0 2.72-.78 
7.5-6 11a22.4 22.4 0 0 1-4 2z"[39m
              [36m/>[39m
              [36m<path[39m
                [33md[39m=[32m"M9 12H4s.55-3.03 2-4c1.62-1.08 5 .05 5 .05"[39m
              [36m/>[39m
            [36m</svg>[39m
            [0m Deploy[0m
          [36m</button>[39m
          [36m<button[39m
            [33mclass[39m=[32m"header-nav-btn "[39m
          [36m>[39m
            [36m<svg[39m
              [33maria-hidden[39m=[32m"true"[39m
              [33mclass[39m=[32m"lucide lucide-zap"[39m
              [33mfill[39m=[32m"none"[39m
              [33mheight[39m=[32m"14"[39m
              [33mstroke[39m=[32m"currentColor"[39m
              [33mstroke-linecap[39m=[32m"round"[39m
              [33mstroke-linejoin[39m=[32m"round"[39m
              [33mstroke-width[39m=[32m"2"[39m
              [33mviewBox[39m=[32m"0 0 24 24"[39m
              [33mwidth[39m=[32m"14"[39m
              [33mxmlns[39m=[32m"http://www.w3.org/2000/svg"[39m
            [36m>[39m
              [36m<path[39m
                [33md[39m=[32m"M4 14a1 1 0 0 1-.78-1.63l9.9-10.2a.5.5 0 0 1 .86.46l-1.92 
6.02A1 1 0 0 0 13 10h7a1 1 0 0 1 .78 1.63l-9.9 10.2a.5.5 0 0 1-.86-.46l1.92-6.02A1 1 0 0 0 11 
14z"[39m
              [36m/>[39m
            [36m</svg>[39m
            [0m Interact[0m
          [36m</button>[39m
          [36m<button[39m
            [33mclass[39m=[32m"header-nav-btn "[39m
          [36m>[39m
            [36m<svg[39m
              [33maria-hidden[39m=[32m"true"[39m
              [33mclass[39m=[32m"lucide lucide-history"[39m
              [33mfill[39m=[32m"none"[39m
              [33mheight[39m=[32m"14"[39m
              [33mstroke[39m=[32m"currentColor"[39m
              [33mstroke-linecap[39m=[32m"round"[39m
              [33mstroke-linejoin[39m=[32m"round"[39m
              [33mstroke-width[39m=[32m"2"[39m
              [33mviewBox[39m=[32m"0 0 24 24"[39m
              [33mwidth[39m=[32m"14"[39m
              [33mxmlns[39m=[32m"http://www.w3.org/2...
[90m [2mΓ¥»[22m waitForWrapper 
node_modules/@testing-library/dom/dist/wait-for.js:[2m163:27[22m[39m
[90m [2mΓ¥»[22m node_modules/@testing-library/dom/dist/query-helpers.js:[2m86:33[22m[39m
[36m [2mΓ¥»[22m src/App.interact.test.jsx:[2m138:34[22m[39m
    [90m136| [39m    fireEvent[33m.[39m[34mclick[39m(screen[33m.[39m[34mgetByRole[39m(
[32m'button'[39m[33m,[39m { name[33m:[39m [32m'Enter IDE'[39m }))[33m;[39m
    [90m137| [39m
    [90m138| [39m    fireEvent[33m.[39m[34mclick[39m([35mawait[39m 
screen[33m.[39m[34mfindByRole[39m([32m'button'[39m[33m,[39m { name[33m:[39m 
[32m'Interac[39mΓÇª
    [90m   | [39m                                 [31m^[39m
    [90m139| [39m
    [90m140| [39m    [34mexpect[39m([35mawait[39m 
screen[33m.[39m[34mfindByText[39m([36m/Functions: Example metadata fallba[39mΓÇª

[31m[2mΓÄ»ΓÄ»ΓÄ»ΓÄ»ΓÄ»ΓÄ»ΓÄ»ΓÄ»ΓÄ»ΓÄ»ΓÄ»ΓÄ»ΓÄ»ΓÄ»ΓÄ»ΓÄ»ΓÄ»ΓÄ»ΓÄ»ΓÄ»ΓÄ»ΓÄ»ΓÄ»ΓÄ»[2/4]ΓÄ»[22m[
39m

[31m[1m[7m FAIL [27m[22m[39m src/App.interact.test.jsx[2m > [22mInteract panel function 
discovery[2m > [22mvalidates raw call args and blocks execute on invalid JSON
[31m[1mTestingLibraryElementError[22m[39m: Found multiple elements with the role "button" 
and name "Interact"

Here are the matching elements:

Ignored nodes: comments, script, style
[36m<button[39m
  [33mclass[39m=[32m"header-nav-btn "[39m
[36m>[39m
  [36m<svg[39m
    [33maria-hidden[39m=[32m"true"[39m
    [33mclass[39m=[32m"lucide lucide-zap"[39m
    [33mfill[39m=[32m"none"[39m
    [33mheight[39m=[32m"14"[39m
    [33mstroke[39m=[32m"currentColor"[39m
    [33mstroke-linecap[39m=[32m"round"[39m
    [33mstroke-linejoin[39m=[32m"round"[39m
    [33mstroke-width[39m=[32m"2"[39m
    [33mviewBox[39m=[32m"0 0 24 24"[39m
    [33mwidth[39m=[32m"14"[39m
    [33mxmlns[39m=[32m"http://www.w3.org/2000/svg"[39m
  [36m>[39m
    [36m<path[39m
      [33md[39m=[32m"M4 14a1 1 0 0 1-.78-1.63l9.9-10.2a.5.5 0 0 1 .86.46l-1.92 6.02A1 1 0 0 
0 13 10h7a1 1 0 0 1 .78 1.63l-9.9 10.2a.5.5 0 0 1-.86-.46l1.92-6.02A1 1 0 0 0 11 14z"[39m
    [36m/>[39m
  [36m</svg>[39m
  [0m Interact[0m
[36m</button>[39m

Ignored nodes: comments, script, style
[36m<button[39m
  [33mclass[39m=[32m"panel-tab "[39m
[36m>[39m
  [36m<svg[39m
    [33maria-hidden[39m=[32m"true"[39m
    [33mclass[39m=[32m"lucide lucide-zap"[39m
    [33mfill[39m=[32m"none"[39m
    [33mheight[39m=[32m"13"[39m
    [33mstroke[39m=[32m"currentColor"[39m
    [33mstroke-linecap[39m=[32m"round"[39m
    [33mstroke-linejoin[39m=[32m"round"[39m
    [33mstroke-width[39m=[32m"2"[39m
    [33mviewBox[39m=[32m"0 0 24 24"[39m
    [33mwidth[39m=[32m"13"[39m
    [33mxmlns[39m=[32m"http://www.w3.org/2000/svg"[39m
  [36m>[39m
    [36m<path[39m
      [33md[39m=[32m"M4 14a1 1 0 0 1-.78-1.63l9.9-10.2a.5.5 0 0 1 .86.46l-1.92 6.02A1 1 0 0 
0 13 10h7a1 1 0 0 1 .78 1.63l-9.9 10.2a.5.5 0 0 1-.86-.46l1.92-6.02A1 1 0 0 0 11 14z"[39m
    [36m/>[39m
  [36m</svg>[39m
  [0m [0m
  [0mInteract[0m
[36m</button>[39m

(If this is intentional, then use the `*AllBy*` variant of the query (like `queryAllByText`, 
`getAllByText`, or `findAllByText`)).

Ignored nodes: comments, script, style
[36m<body>[39m
  [36m<div>[39m
    [36m<div[39m
      [33mclass[39m=[32m"ide-shell"[39m
    [36m>[39m
      [36m<header[39m
        [33mclass[39m=[32m"ide-header"[39m
      [36m>[39m
        [36m<div[39m
          [33mclass[39m=[32m"header-brand"[39m
        [36m>[39m
          [36m<div[39m
            [33mclass[39m=[32m"header-logo"[39m
          [36m>[39m
            [36m<svg[39m
              [33mfill[39m=[32m"none"[39m
              [33mheight[39m=[32m"18"[39m
              [33mviewBox[39m=[32m"0 0 38 38"[39m
              [33mwidth[39m=[32m"18"[39m
            [36m>[39m
              [36m<circle[39m
                [33mcx[39m=[32m"19"[39m
                [33mcy[39m=[32m"19"[39m
                [33mfill[39m=[32m"none"[39m
                [33mr[39m=[32m"9"[39m
                [33mstroke[39m=[32m"white"[39m
                [33mstroke-width[39m=[32m"2.5"[39m
              [36m/>[39m
              [36m<circle[39m
                [33mcx[39m=[32m"19"[39m
                [33mcy[39m=[32m"4"[39m
                [33mfill[39m=[32m"white"[39m
                [33mr[39m=[32m"2.5"[39m
              [36m/>[39m
              [36m<circle[39m
                [33mcx[39m=[32m"19"[39m
                [33mcy[39m=[32m"34"[39m
                [33mfill[39m=[32m"white"[39m
                [33mr[39m=[32m"2.5"[39m
              [36m/>[39m
              [36m<circle[39m
                [33mcx[39m=[32m"4"[39m
                [33mcy[39m=[32m"19"[39m
                [33mfill[39m=[32m"white"[39m
                [33mr[39m=[32m"2.5"[39m
              [36m/>[39m
              [36m<circle[39m
                [33mcx[39m=[32m"34"[39m
                [33mcy[39m=[32m"19"[39m
                [33mfill[39m=[32m"white"[39m
                [33mr[39m=[32m"2.5"[39m
              [36m/>[39m
            [36m</svg>[39m
          [36m</div>[39m
          [36m<div>[39m
            [36m<div[39m
              [33mclass[39m=[32m"header-title"[39m
            [36m>[39m
              [0mOrbital IDE[0m
            [36m</div>[39m
            [36m<div[39m
              [33mclass[39m=[32m"header-subtitle"[39m
            [36m>[39m
              [0mSoroban ┬╖ Testnet[0m
            [36m</div>[39m
          [36m</div>[39m
        [36m</div>[39m
        [36m<div[39m
          [33mclass[39m=[32m"header-center"[39m
        [36m>[39m
          [36m<button[39m
            [33mclass[39m=[32m"header-nav-btn active"[39m
          [36m>[39m
            [36m<svg[39m
              [33maria-hidden[39m=[32m"true"[39m
              [33mclass[39m=[32m"lucide lucide-code-xml"[39m
              [33mfill[39m=[32m"none"[39m
              [33mheight[39m=[32m"14"[39m
              [33mstroke[39m=[32m"currentColor"[39m
              [33mstroke-linecap[39m=[32m"round"[39m
              [33mstroke-linejoin[39m=[32m"round"[39m
              [33mstroke-width[39m=[32m"2"[39m
              [33mviewBox[39m=[32m"0 0 24 24"[39m
              [33mwidth[39m=[32m"14"[39m
              [33mxmlns[39m=[32m"http://www.w3.org/2000/svg"[39m
            [36m>[39m
              [36m<path[39m
                [33md[39m=[32m"m18 16 4-4-4-4"[39m
              [36m/>[39m
              [36m<path[39m
                [33md[39m=[32m"m6 8-4 4 4 4"[39m
              [36m/>[39m
              [36m<path[39m
                [33md[39m=[32m"m14.5 4-5 16"[39m
              [36m/>[39m
            [36m</svg>[39m
            [0m Editor[0m
          [36m</button>[39m
          [36m<button[39m
            [33mclass[39m=[32m"header-nav-btn "[39m
          [36m>[39m
            [36m<svg[39m
              [33maria-hidden[39m=[32m"true"[39m
              [33mclass[39m=[32m"lucide lucide-rocket"[39m
              [33mfill[39m=[32m"none"[39m
              [33mheight[39m=[32m"14"[39m
              [33mstroke[39m=[32m"currentColor"[39m
              [33mstroke-linecap[39m=[32m"round"[39m
              [33mstroke-linejoin[39m=[32m"round"[39m
              [33mstroke-width[39m=[32m"2"[39m
              [33mviewBox[39m=[32m"0 0 24 24"[39m
              [33mwidth[39m=[32m"14"[39m
              [33mxmlns[39m=[32m"http://www.w3.org/2000/svg"[39m
            [36m>[39m
              [36m<path[39m
                [33md[39m=[32m"M12 15v5s3.03-.55 4-2c1.08-1.62 0-5 0-5"[39m
              [36m/>[39m
              [36m<path[39m
                [33md[39m=[32m"M4.5 16.5c-1.5 1.26-2 5-2 5s3.74-.5 
5-2c.71-.84.7-2.13-.09-2.91a2.18 2.18 0 0 0-2.91-.09"[39m
              [36m/>[39m
              [36m<path[39m
                [33md[39m=[32m"M9 12a22 22 0 0 1 2-3.95A12.88 12.88 0 0 1 22 2c0 2.72-.78 
7.5-6 11a22.4 22.4 0 0 1-4 2z"[39m
              [36m/>[39m
              [36m<path[39m
                [33md[39m=[32m"M9 12H4s.55-3.03 2-4c1.62-1.08 5 .05 5 .05"[39m
              [36m/>[39m
            [36m</svg>[39m
            [0m Deploy[0m
          [36m</button>[39m
          [36m<button[39m
            [33mclass[39m=[32m"header-nav-btn "[39m
          [36m>[39m
            [36m<svg[39m
              [33maria-hidden[39m=[32m"true"[39m
              [33mclass[39m=[32m"lucide lucide-zap"[39m
              [33mfill[39m=[32m"none"[39m
              [33mheight[39m=[32m"14"[39m
              [33mstroke[39m=[32m"currentColor"[39m
              [33mstroke-linecap[39m=[32m"round"[39m
              [33mstroke-linejoin[39m=[32m"round"[39m
              [33mstroke-width[39m=[32m"2"[39m
              [33mviewBox[39m=[32m"0 0 24 24"[39m
              [33mwidth[39m=[32m"14"[39m
              [33mxmlns[39m=[32m"http://www.w3.org/2000/svg"[39m
            [36m>[39m
              [36m<path[39m
                [33md[39m=[32m"M4 14a1 1 0 0 1-.78-1.63l9.9-10.2a.5.5 0 0 1 .86.46l-1.92 
6.02A1 1 0 0 0 13 10h7a1 1 0 0 1 .78 1.63l-9.9 10.2a.5.5 0 0 1-.86-.46l1.92-6.02A1 1 0 0 0 11 
14z"[39m
              [36m/>[39m
            [36m</svg>[39m
            [0m Interact[0m
          [36m</button>[39m
          [36m<button[39m
            [33mclass[39m=[32m"header-nav-btn "[39m
          [36m>[39m
            [36m<svg[39m
              [33maria-hidden[39m=[32m"true"[39m
              [33mclass[39m=[32m"lucide lucide-history"[39m
              [33mfill[39m=[32m"none"[39m
              [33mheight[39m=[32m"14"[39m
              [33mstroke[39m=[32m"currentColor"[39m
              [33mstroke-linecap[39m=[32m"round"[39m
              [33mstroke-linejoin[39m=[32m"round"[39m
              [33mstroke-width[39m=[32m"2"[39m
              [33mviewBox[39m=[32m"0 0 24 24"[39m
              [33mwidth[39m=[32m"14"[39m
              [33mxmlns[39m=[32m"http://www.w3.org/2...

Ignored nodes: comments, script, style
[36m<body>[39m
  [36m<div>[39m
    [36m<div[39m
      [33mclass[39m=[32m"ide-shell"[39m
    [36m>[39m
      [36m<header[39m
        [33mclass[39m=[32m"ide-header"[39m
      [36m>[39m
        [36m<div[39m
          [33mclass[39m=[32m"header-brand"[39m
        [36m>[39m
          [36m<div[39m
            [33mclass[39m=[32m"header-logo"[39m
          [36m>[39m
            [36m<svg[39m
              [33mfill[39m=[32m"none"[39m
              [33mheight[39m=[32m"18"[39m
              [33mviewBox[39m=[32m"0 0 38 38"[39m
              [33mwidth[39m=[32m"18"[39m
            [36m>[39m
              [36m<circle[39m
                [33mcx[39m=[32m"19"[39m
                [33mcy[39m=[32m"19"[39m
                [33mfill[39m=[32m"none"[39m
                [33mr[39m=[32m"9"[39m
                [33mstroke[39m=[32m"white"[39m
                [33mstroke-width[39m=[32m"2.5"[39m
              [36m/>[39m
              [36m<circle[39m
                [33mcx[39m=[32m"19"[39m
                [33mcy[39m=[32m"4"[39m
                [33mfill[39m=[32m"white"[39m
                [33mr[39m=[32m"2.5"[39m
              [36m/>[39m
              [36m<circle[39m
                [33mcx[39m=[32m"19"[39m
                [33mcy[39m=[32m"34"[39m
                [33mfill[39m=[32m"white"[39m
                [33mr[39m=[32m"2.5"[39m
              [36m/>[39m
              [36m<circle[39m
                [33mcx[39m=[32m"4"[39m
                [33mcy[39m=[32m"19"[39m
                [33mfill[39m=[32m"white"[39m
                [33mr[39m=[32m"2.5"[39m
              [36m/>[39m
              [36m<circle[39m
                [33mcx[39m=[32m"34"[39m
                [33mcy[39m=[32m"19"[39m
                [33mfill[39m=[32m"white"[39m
                [33mr[39m=[32m"2.5"[39m
              [36m/>[39m
            [36m</svg>[39m
          [36m</div>[39m
          [36m<div>[39m
            [36m<div[39m
              [33mclass[39m=[32m"header-title"[39m
            [36m>[39m
              [0mOrbital IDE[0m
            [36m</div>[39m
            [36m<div[39m
              [33mclass[39m=[32m"header-subtitle"[39m
            [36m>[39m
              [0mSoroban ┬╖ Testnet[0m
            [36m</div>[39m
          [36m</div>[39m
        [36m</div>[39m
        [36m<div[39m
          [33mclass[39m=[32m"header-center"[39m
        [36m>[39m
          [36m<button[39m
            [33mclass[39m=[32m"header-nav-btn active"[39m
          [36m>[39m
            [36m<svg[39m
              [33maria-hidden[39m=[32m"true"[39m
              [33mclass[39m=[32m"lucide lucide-code-xml"[39m
              [33mfill[39m=[32m"none"[39m
              [33mheight[39m=[32m"14"[39m
              [33mstroke[39m=[32m"currentColor"[39m
              [33mstroke-linecap[39m=[32m"round"[39m
              [33mstroke-linejoin[39m=[32m"round"[39m
              [33mstroke-width[39m=[32m"2"[39m
              [33mviewBox[39m=[32m"0 0 24 24"[39m
              [33mwidth[39m=[32m"14"[39m
              [33mxmlns[39m=[32m"http://www.w3.org/2000/svg"[39m
            [36m>[39m
              [36m<path[39m
                [33md[39m=[32m"m18 16 4-4-4-4"[39m
              [36m/>[39m
              [36m<path[39m
                [33md[39m=[32m"m6 8-4 4 4 4"[39m
              [36m/>[39m
              [36m<path[39m
                [33md[39m=[32m"m14.5 4-5 16"[39m
              [36m/>[39m
            [36m</svg>[39m
            [0m Editor[0m
          [36m</button>[39m
          [36m<button[39m
            [33mclass[39m=[32m"header-nav-btn "[39m
          [36m>[39m
            [36m<svg[39m
              [33maria-hidden[39m=[32m"true"[39m
              [33mclass[39m=[32m"lucide lucide-rocket"[39m
              [33mfill[39m=[32m"none"[39m
              [33mheight[39m=[32m"14"[39m
              [33mstroke[39m=[32m"currentColor"[39m
              [33mstroke-linecap[39m=[32m"round"[39m
              [33mstroke-linejoin[39m=[32m"round"[39m
              [33mstroke-width[39m=[32m"2"[39m
              [33mviewBox[39m=[32m"0 0 24 24"[39m
              [33mwidth[39m=[32m"14"[39m
              [33mxmlns[39m=[32m"http://www.w3.org/2000/svg"[39m
            [36m>[39m
              [36m<path[39m
                [33md[39m=[32m"M12 15v5s3.03-.55 4-2c1.08-1.62 0-5 0-5"[39m
              [36m/>[39m
              [36m<path[39m
                [33md[39m=[32m"M4.5 16.5c-1.5 1.26-2 5-2 5s3.74-.5 
5-2c.71-.84.7-2.13-.09-2.91a2.18 2.18 0 0 0-2.91-.09"[39m
              [36m/>[39m
              [36m<path[39m
                [33md[39m=[32m"M9 12a22 22 0 0 1 2-3.95A12.88 12.88 0 0 1 22 2c0 2.72-.78 
7.5-6 11a22.4 22.4 0 0 1-4 2z"[39m
              [36m/>[39m
              [36m<path[39m
                [33md[39m=[32m"M9 12H4s.55-3.03 2-4c1.62-1.08 5 .05 5 .05"[39m
              [36m/>[39m
            [36m</svg>[39m
            [0m Deploy[0m
          [36m</button>[39m
          [36m<button[39m
            [33mclass[39m=[32m"header-nav-btn "[39m
          [36m>[39m
            [36m<svg[39m
              [33maria-hidden[39m=[32m"true"[39m
              [33mclass[39m=[32m"lucide lucide-zap"[39m
              [33mfill[39m=[32m"none"[39m
              [33mheight[39m=[32m"14"[39m
              [33mstroke[39m=[32m"currentColor"[39m
              [33mstroke-linecap[39m=[32m"round"[39m
              [33mstroke-linejoin[39m=[32m"round"[39m
              [33mstroke-width[39m=[32m"2"[39m
              [33mviewBox[39m=[32m"0 0 24 24"[39m
              [33mwidth[39m=[32m"14"[39m
              [33mxmlns[39m=[32m"http://www.w3.org/2000/svg"[39m
            [36m>[39m
              [36m<path[39m
                [33md[39m=[32m"M4 14a1 1 0 0 1-.78-1.63l9.9-10.2a.5.5 0 0 1 .86.46l-1.92 
6.02A1 1 0 0 0 13 10h7a1 1 0 0 1 .78 1.63l-9.9 10.2a.5.5 0 0 1-.86-.46l1.92-6.02A1 1 0 0 0 11 
14z"[39m
              [36m/>[39m
            [36m</svg>[39m
            [0m Interact[0m
          [36m</button>[39m
          [36m<button[39m
            [33mclass[39m=[32m"header-nav-btn "[39m
          [36m>[39m
            [36m<svg[39m
              [33maria-hidden[39m=[32m"true"[39m
              [33mclass[39m=[32m"lucide lucide-history"[39m
              [33mfill[39m=[32m"none"[39m
              [33mheight[39m=[32m"14"[39m
              [33mstroke[39m=[32m"currentColor"[39m
              [33mstroke-linecap[39m=[32m"round"[39m
              [33mstroke-linejoin[39m=[32m"round"[39m
              [33mstroke-width[39m=[32m"2"[39m
              [33mviewBox[39m=[32m"0 0 24 24"[39m
              [33mwidth[39m=[32m"14"[39m
              [33mxmlns[39m=[32m"http://www.w3.org/2...
[90m [2mΓ¥»[22m waitForWrapper 
node_modules/@testing-library/dom/dist/wait-for.js:[2m163:27[22m[39m
[90m [2mΓ¥»[22m node_modules/@testing-library/dom/dist/query-helpers.js:[2m86:33[22m[39m
[36m [2mΓ¥»[22m src/App.interact.test.jsx:[2m150:34[22m[39m
    [90m148| [39m    [34mrender[39m([33m<[39m[33mApp[39m 
[33m/[39m[33m>[39m)[33m;[39m
    [90m149| [39m    fireEvent[33m.[39m[34mclick[39m(screen[33m.[39m[34mgetByRole[39m(
[32m'button'[39m[33m,[39m { name[33m:[39m [32m'Enter IDE'[39m }))[33m;[39m
    [90m150| [39m    fireEvent[33m.[39m[34mclick[39m([35mawait[39m 
screen[33m.[39m[34mfindByRole[39m([32m'button'[39m[33m,[39m { name[33m:[39m 
[32m'Interac[39mΓÇª
    [90m   | [39m                                 [31m^[39m
    [90m151| [39m
    [90m152| [39m    
fireEvent[33m.[39m[34mclick[39m(screen[33m.[39m[34mgetByLabelText[39m([36m/Use Raw 
Call Mode/i[39m))[33m;[39m

[31m[2mΓÄ»ΓÄ»ΓÄ»ΓÄ»ΓÄ»ΓÄ»ΓÄ»ΓÄ»ΓÄ»ΓÄ»ΓÄ»ΓÄ»ΓÄ»ΓÄ»ΓÄ»ΓÄ»ΓÄ»ΓÄ»ΓÄ»ΓÄ»ΓÄ»ΓÄ»ΓÄ»ΓÄ»[3/4]ΓÄ»[22m[
39m

[31m[1m[7m FAIL [27m[22m[39m src/App.interact.test.jsx[2m > [22mInteract panel function 
discovery[2m > [22mexecutes raw call with valid args
[31m[1mTestingLibraryElementError[22m[39m: Found multiple elements with the role "button" 
and name "Interact"

Here are the matching elements:

Ignored nodes: comments, script, style
[36m<button[39m
  [33mclass[39m=[32m"header-nav-btn "[39m
[36m>[39m
  [36m<svg[39m
    [33maria-hidden[39m=[32m"true"[39m
    [33mclass[39m=[32m"lucide lucide-zap"[39m
    [33mfill[39m=[32m"none"[39m
    [33mheight[39m=[32m"14"[39m
    [33mstroke[39m=[32m"currentColor"[39m
    [33mstroke-linecap[39m=[32m"round"[39m
    [33mstroke-linejoin[39m=[32m"round"[39m
    [33mstroke-width[39m=[32m"2"[39m
    [33mviewBox[39m=[32m"0 0 24 24"[39m
    [33mwidth[39m=[32m"14"[39m
    [33mxmlns[39m=[32m"http://www.w3.org/2000/svg"[39m
  [36m>[39m
    [36m<path[39m
      [33md[39m=[32m"M4 14a1 1 0 0 1-.78-1.63l9.9-10.2a.5.5 0 0 1 .86.46l-1.92 6.02A1 1 0 0 
0 13 10h7a1 1 0 0 1 .78 1.63l-9.9 10.2a.5.5 0 0 1-.86-.46l1.92-6.02A1 1 0 0 0 11 14z"[39m
    [36m/>[39m
  [36m</svg>[39m
  [0m Interact[0m
[36m</button>[39m

Ignored nodes: comments, script, style
[36m<button[39m
  [33mclass[39m=[32m"panel-tab "[39m
[36m>[39m
  [36m<svg[39m
    [33maria-hidden[39m=[32m"true"[39m
    [33mclass[39m=[32m"lucide lucide-zap"[39m
    [33mfill[39m=[32m"none"[39m
    [33mheight[39m=[32m"13"[39m
    [33mstroke[39m=[32m"currentColor"[39m
    [33mstroke-linecap[39m=[32m"round"[39m
    [33mstroke-linejoin[39m=[32m"round"[39m
    [33mstroke-width[39m=[32m"2"[39m
    [33mviewBox[39m=[32m"0 0 24 24"[39m
    [33mwidth[39m=[32m"13"[39m
    [33mxmlns[39m=[32m"http://www.w3.org/2000/svg"[39m
  [36m>[39m
    [36m<path[39m
      [33md[39m=[32m"M4 14a1 1 0 0 1-.78-1.63l9.9-10.2a.5.5 0 0 1 .86.46l-1.92 6.02A1 1 0 0 
0 13 10h7a1 1 0 0 1 .78 1.63l-9.9 10.2a.5.5 0 0 1-.86-.46l1.92-6.02A1 1 0 0 0 11 14z"[39m
    [36m/>[39m
  [36m</svg>[39m
  [0m [0m
  [0mInteract[0m
[36m</button>[39m

(If this is intentional, then use the `*AllBy*` variant of the query (like `queryAllByText`, 
`getAllByText`, or `findAllByText`)).

Ignored nodes: comments, script, style
[36m<body>[39m
  [36m<div>[39m
    [36m<div[39m
      [33mclass[39m=[32m"ide-shell"[39m
    [36m>[39m
      [36m<header[39m
        [33mclass[39m=[32m"ide-header"[39m
      [36m>[39m
        [36m<div[39m
          [33mclass[39m=[32m"header-brand"[39m
        [36m>[39m
          [36m<div[39m
            [33mclass[39m=[32m"header-logo"[39m
          [36m>[39m
            [36m<svg[39m
              [33mfill[39m=[32m"none"[39m
              [33mheight[39m=[32m"18"[39m
              [33mviewBox[39m=[32m"0 0 38 38"[39m
              [33mwidth[39m=[32m"18"[39m
            [36m>[39m
              [36m<circle[39m
                [33mcx[39m=[32m"19"[39m
                [33mcy[39m=[32m"19"[39m
                [33mfill[39m=[32m"none"[39m
                [33mr[39m=[32m"9"[39m
                [33mstroke[39m=[32m"white"[39m
                [33mstroke-width[39m=[32m"2.5"[39m
              [36m/>[39m
              [36m<circle[39m
                [33mcx[39m=[32m"19"[39m
                [33mcy[39m=[32m"4"[39m
                [33mfill[39m=[32m"white"[39m
                [33mr[39m=[32m"2.5"[39m
              [36m/>[39m
              [36m<circle[39m
                [33mcx[39m=[32m"19"[39m
                [33mcy[39m=[32m"34"[39m
                [33mfill[39m=[32m"white"[39m
                [33mr[39m=[32m"2.5"[39m
              [36m/>[39m
              [36m<circle[39m
                [33mcx[39m=[32m"4"[39m
                [33mcy[39m=[32m"19"[39m
                [33mfill[39m=[32m"white"[39m
                [33mr[39m=[32m"2.5"[39m
              [36m/>[39m
              [36m<circle[39m
                [33mcx[39m=[32m"34"[39m
                [33mcy[39m=[32m"19"[39m
                [33mfill[39m=[32m"white"[39m
                [33mr[39m=[32m"2.5"[39m
              [36m/>[39m
            [36m</svg>[39m
          [36m</div>[39m
          [36m<div>[39m
            [36m<div[39m
              [33mclass[39m=[32m"header-title"[39m
            [36m>[39m
              [0mOrbital IDE[0m
            [36m</div>[39m
            [36m<div[39m
              [33mclass[39m=[32m"header-subtitle"[39m
            [36m>[39m
              [0mSoroban ┬╖ Testnet[0m
            [36m</div>[39m
          [36m</div>[39m
        [36m</div>[39m
        [36m<div[39m
          [33mclass[39m=[32m"header-center"[39m
        [36m>[39m
          [36m<button[39m
            [33mclass[39m=[32m"header-nav-btn active"[39m
          [36m>[39m
            [36m<svg[39m
              [33maria-hidden[39m=[32m"true"[39m
              [33mclass[39m=[32m"lucide lucide-code-xml"[39m
              [33mfill[39m=[32m"none"[39m
              [33mheight[39m=[32m"14"[39m
              [33mstroke[39m=[32m"currentColor"[39m
              [33mstroke-linecap[39m=[32m"round"[39m
              [33mstroke-linejoin[39m=[32m"round"[39m
              [33mstroke-width[39m=[32m"2"[39m
              [33mviewBox[39m=[32m"0 0 24 24"[39m
              [33mwidth[39m=[32m"14"[39m
              [33mxmlns[39m=[32m"http://www.w3.org/2000/svg"[39m
            [36m>[39m
              [36m<path[39m
                [33md[39m=[32m"m18 16 4-4-4-4"[39m
              [36m/>[39m
              [36m<path[39m
                [33md[39m=[32m"m6 8-4 4 4 4"[39m
              [36m/>[39m
              [36m<path[39m
                [33md[39m=[32m"m14.5 4-5 16"[39m
              [36m/>[39m
            [36m</svg>[39m
            [0m Editor[0m
          [36m</button>[39m
          [36m<button[39m
            [33mclass[39m=[32m"header-nav-btn "[39m
          [36m>[39m
            [36m<svg[39m
              [33maria-hidden[39m=[32m"true"[39m
              [33mclass[39m=[32m"lucide lucide-rocket"[39m
              [33mfill[39m=[32m"none"[39m
              [33mheight[39m=[32m"14"[39m
              [33mstroke[39m=[32m"currentColor"[39m
              [33mstroke-linecap[39m=[32m"round"[39m
              [33mstroke-linejoin[39m=[32m"round"[39m
              [33mstroke-width[39m=[32m"2"[39m
              [33mviewBox[39m=[32m"0 0 24 24"[39m
              [33mwidth[39m=[32m"14"[39m
              [33mxmlns[39m=[32m"http://www.w3.org/2000/svg"[39m
            [36m>[39m
              [36m<path[39m
                [33md[39m=[32m"M12 15v5s3.03-.55 4-2c1.08-1.62 0-5 0-5"[39m
              [36m/>[39m
              [36m<path[39m
                [33md[39m=[32m"M4.5 16.5c-1.5 1.26-2 5-2 5s3.74-.5 
5-2c.71-.84.7-2.13-.09-2.91a2.18 2.18 0 0 0-2.91-.09"[39m
              [36m/>[39m
              [36m<path[39m
                [33md[39m=[32m"M9 12a22 22 0 0 1 2-3.95A12.88 12.88 0 0 1 22 2c0 2.72-.78 
7.5-6 11a22.4 22.4 0 0 1-4 2z"[39m
              [36m/>[39m
              [36m<path[39m
                [33md[39m=[32m"M9 12H4s.55-3.03 2-4c1.62-1.08 5 .05 5 .05"[39m
              [36m/>[39m
            [36m</svg>[39m
            [0m Deploy[0m
          [36m</button>[39m
          [36m<button[39m
            [33mclass[39m=[32m"header-nav-btn "[39m
          [36m>[39m
            [36m<svg[39m
              [33maria-hidden[39m=[32m"true"[39m
              [33mclass[39m=[32m"lucide lucide-zap"[39m
              [33mfill[39m=[32m"none"[39m
              [33mheight[39m=[32m"14"[39m
              [33mstroke[39m=[32m"currentColor"[39m
              [33mstroke-linecap[39m=[32m"round"[39m
              [33mstroke-linejoin[39m=[32m"round"[39m
              [33mstroke-width[39m=[32m"2"[39m
              [33mviewBox[39m=[32m"0 0 24 24"[39m
              [33mwidth[39m=[32m"14"[39m
              [33mxmlns[39m=[32m"http://www.w3.org/2000/svg"[39m
            [36m>[39m
              [36m<path[39m
                [33md[39m=[32m"M4 14a1 1 0 0 1-.78-1.63l9.9-10.2a.5.5 0 0 1 .86.46l-1.92 
6.02A1 1 0 0 0 13 10h7a1 1 0 0 1 .78 1.63l-9.9 10.2a.5.5 0 0 1-.86-.46l1.92-6.02A1 1 0 0 0 11 
14z"[39m
              [36m/>[39m
            [36m</svg>[39m
            [0m Interact[0m
          [36m</button>[39m
          [36m<button[39m
            [33mclass[39m=[32m"header-nav-btn "[39m
          [36m>[39m
            [36m<svg[39m
              [33maria-hidden[39m=[32m"true"[39m
              [33mclass[39m=[32m"lucide lucide-history"[39m
              [33mfill[39m=[32m"none"[39m
              [33mheight[39m=[32m"14"[39m
              [33mstroke[39m=[32m"currentColor"[39m
              [33mstroke-linecap[39m=[32m"round"[39m
              [33mstroke-linejoin[39m=[32m"round"[39m
              [33mstroke-width[39m=[32m"2"[39m
              [33mviewBox[39m=[32m"0 0 24 24"[39m
              [33mwidth[39m=[32m"14"[39m
              [33mxmlns[39m=[32m"http://www.w3.org/2...

Ignored nodes: comments, script, style
[36m<body>[39m
  [36m<div>[39m
    [36m<div[39m
      [33mclass[39m=[32m"ide-shell"[39m
    [36m>[39m
      [36m<header[39m
        [33mclass[39m=[32m"ide-header"[39m
      [36m>[39m
        [36m<div[39m
          [33mclass[39m=[32m"header-brand"[39m
        [36m>[39m
          [36m<div[39m
            [33mclass[39m=[32m"header-logo"[39m
          [36m>[39m
            [36m<svg[39m
              [33mfill[39m=[32m"none"[39m
              [33mheight[39m=[32m"18"[39m
              [33mviewBox[39m=[32m"0 0 38 38"[39m
              [33mwidth[39m=[32m"18"[39m
            [36m>[39m
              [36m<circle[39m
                [33mcx[39m=[32m"19"[39m
                [33mcy[39m=[32m"19"[39m
                [33mfill[39m=[32m"none"[39m
                [33mr[39m=[32m"9"[39m
                [33mstroke[39m=[32m"white"[39m
                [33mstroke-width[39m=[32m"2.5"[39m
              [36m/>[39m
              [36m<circle[39m
                [33mcx[39m=[32m"19"[39m
                [33mcy[39m=[32m"4"[39m
                [33mfill[39m=[32m"white"[39m
                [33mr[39m=[32m"2.5"[39m
              [36m/>[39m
              [36m<circle[39m
                [33mcx[39m=[32m"19"[39m
                [33mcy[39m=[32m"34"[39m
                [33mfill[39m=[32m"white"[39m
                [33mr[39m=[32m"2.5"[39m
              [36m/>[39m
              [36m<circle[39m
                [33mcx[39m=[32m"4"[39m
                [33mcy[39m=[32m"19"[39m
                [33mfill[39m=[32m"white"[39m
                [33mr[39m=[32m"2.5"[39m
              [36m/>[39m
              [36m<circle[39m
                [33mcx[39m=[32m"34"[39m
                [33mcy[39m=[32m"19"[39m
                [33mfill[39m=[32m"white"[39m
                [33mr[39m=[32m"2.5"[39m
              [36m/>[39m
            [36m</svg>[39m
          [36m</div>[39m
          [36m<div>[39m
            [36m<div[39m
              [33mclass[39m=[32m"header-title"[39m
            [36m>[39m
              [0mOrbital IDE[0m
            [36m</div>[39m
            [36m<div[39m
              [33mclass[39m=[32m"header-subtitle"[39m
            [36m>[39m
              [0mSoroban ┬╖ Testnet[0m
            [36m</div>[39m
          [36m</div>[39m
        [36m</div>[39m
        [36m<div[39m
          [33mclass[39m=[32m"header-center"[39m
        [36m>[39m
          [36m<button[39m
            [33mclass[39m=[32m"header-nav-btn active"[39m
          [36m>[39m
            [36m<svg[39m
              [33maria-hidden[39m=[32m"true"[39m
              [33mclass[39m=[32m"lucide lucide-code-xml"[39m
              [33mfill[39m=[32m"none"[39m
              [33mheight[39m=[32m"14"[39m
              [33mstroke[39m=[32m"currentColor"[39m
              [33mstroke-linecap[39m=[32m"round"[39m
              [33mstroke-linejoin[39m=[32m"round"[39m
              [33mstroke-width[39m=[32m"2"[39m
              [33mviewBox[39m=[32m"0 0 24 24"[39m
              [33mwidth[39m=[32m"14"[39m
[2m Test Files [22m [1m[31m1 failed[39m[22m[90m (1)[39m
[2m      Tests [22m [1m[31m4 failed[39m[22m[90m (4)[39m
[2m   Start at [22m 13:17:07
[2m   Duration [22m 7.52s[2m (transform 339ms, setup 117ms, collect 727ms, tests 4.76s, environment 893ms, prepare 131ms)[22m

              [33mxmlns[39m=[32m"http://www.w3.org/2000/svg"[39m
            [36m>[39m
              [36m<path[39m
                [33md[39m=[32m"m18 16 4-4-4-4"[39m
              [36m/>[39m
              [36m<path[39m
                [33md[39m=[32m"m6 8-4 4 4 4"[39m
              [36m/>[39m
              [36m<path[39m
                [33md[39m=[32m"m14.5 4-5 16"[39m
              [36m/>[39m
            [36m</svg>[39m
            [0m Editor[0m
          [36m</button>[39m
          [36m<button[39m
            [33mclass[39m=[32m"header-nav-btn "[39m
          [36m>[39m
            [36m<svg[39m
              [33maria-hidden[39m=[32m"true"[39m
              [33mclass[39m=[32m"lucide lucide-rocket"[39m
              [33mfill[39m=[32m"none"[39m
              [33mheight[39m=[32m"14"[39m
              [33mstroke[39m=[32m"currentColor"[39m
              [33mstroke-linecap[39m=[32m"round"[39m
              [33mstroke-linejoin[39m=[32m"round"[39m
              [33mstroke-width[39m=[32m"2"[39m
              [33mviewBox[39m=[32m"0 0 24 24"[39m
              [33mwidth[39m=[32m"14"[39m
              [33mxmlns[39m=[32m"http://www.w3.org/2000/svg"[39m
            [36m>[39m
              [36m<path[39m
                [33md[39m=[32m"M12 15v5s3.03-.55 4-2c1.08-1.62 0-5 0-5"[39m
              [36m/>[39m
              [36m<path[39m
                [33md[39m=[32m"M4.5 16.5c-1.5 1.26-2 5-2 5s3.74-.5 
5-2c.71-.84.7-2.13-.09-2.91a2.18 2.18 0 0 0-2.91-.09"[39m
              [36m/>[39m
              [36m<path[39m
                [33md[39m=[32m"M9 12a22 22 0 0 1 2-3.95A12.88 12.88 0 0 1 22 2c0 2.72-.78 
7.5-6 11a22.4 22.4 0 0 1-4 2z"[39m
              [36m/>[39m
              [36m<path[39m
                [33md[39m=[32m"M9 12H4s.55-3.03 2-4c1.62-1.08 5 .05 5 .05"[39m
              [36m/>[39m
            [36m</svg>[39m
            [0m Deploy[0m
          [36m</button>[39m
          [36m<button[39m
            [33mclass[39m=[32m"header-nav-btn "[39m
          [36m>[39m
            [36m<svg[39m
              [33maria-hidden[39m=[32m"true"[39m
              [33mclass[39m=[32m"lucide lucide-zap"[39m
              [33mfill[39m=[32m"none"[39m
              [33mheight[39m=[32m"14"[39m
              [33mstroke[39m=[32m"currentColor"[39m
              [33mstroke-linecap[39m=[32m"round"[39m
              [33mstroke-linejoin[39m=[32m"round"[39m
              [33mstroke-width[39m=[32m"2"[39m
              [33mviewBox[39m=[32m"0 0 24 24"[39m
              [33mwidth[39m=[32m"14"[39m
              [33mxmlns[39m=[32m"http://www.w3.org/2000/svg"[39m
            [36m>[39m
              [36m<path[39m
                [33md[39m=[32m"M4 14a1 1 0 0 1-.78-1.63l9.9-10.2a.5.5 0 0 1 .86.46l-1.92 
6.02A1 1 0 0 0 13 10h7a1 1 0 0 1 .78 1.63l-9.9 10.2a.5.5 0 0 1-.86-.46l1.92-6.02A1 1 0 0 0 11 
14z"[39m
              [36m/>[39m
            [36m</svg>[39m
            [0m Interact[0m
          [36m</button>[39m
          [36m<button[39m
            [33mclass[39m=[32m"header-nav-btn "[39m
          [36m>[39m
            [36m<svg[39m
              [33maria-hidden[39m=[32m"true"[39m
              [33mclass[39m=[32m"lucide lucide-history"[39m
              [33mfill[39m=[32m"none"[39m
              [33mheight[39m=[32m"14"[39m
              [33mstroke[39m=[32m"currentColor"[39m
              [33mstroke-linecap[39m=[32m"round"[39m
              [33mstroke-linejoin[39m=[32m"round"[39m
              [33mstroke-width[39m=[32m"2"[39m
              [33mviewBox[39m=[32m"0 0 24 24"[39m
              [33mwidth[39m=[32m"14"[39m
              [33mxmlns[39m=[32m"http://www.w3.org/2...
[90m [2mΓ¥»[22m waitForWrapper 
node_modules/@testing-library/dom/dist/wait-for.js:[2m163:27[22m[39m
[90m [2mΓ¥»[22m node_modules/@testing-library/dom/dist/query-helpers.js:[2m86:33[22m[39m
[36m [2mΓ¥»[22m src/App.interact.test.jsx:[2m173:34[22m[39m
    [90m171| [39m    [34mrender[39m([33m<[39m[33mApp[39m 
[33m/[39m[33m>[39m)[33m;[39m
    [90m172| [39m    fireEvent[33m.[39m[34mclick[39m(screen[33m.[39m[34mgetByRole[39m(
[32m'button'[39m[33m,[39m { name[33m:[39m [32m'Enter IDE'[39m }))[33m;[39m
    [90m173| [39m    fireEvent[33m.[39m[34mclick[39m([35mawait[39m 
screen[33m.[39m[34mfindByRole[39m([32m'button'[39m[33m,[39m { name[33m:[39m 
[32m'Interac[39mΓÇª
    [90m   | [39m                                 [31m^[39m
    [90m174| [39m
    [90m175| [39m    
fireEvent[33m.[39m[34mclick[39m(screen[33m.[39m[34mgetByLabelText[39m([36m/Use Raw 
Call Mode/i[39m))[33m;[39m

[31m[2mΓÄ»ΓÄ»ΓÄ»ΓÄ»ΓÄ»ΓÄ»ΓÄ»ΓÄ»ΓÄ»ΓÄ»ΓÄ»ΓÄ»ΓÄ»ΓÄ»ΓÄ»ΓÄ»ΓÄ»ΓÄ»ΓÄ»ΓÄ»ΓÄ»ΓÄ»ΓÄ»ΓÄ»[4/4]ΓÄ»[22m[
39m

